******************************************************************************
                  TI ARM Linker PC v16.9.6                     
******************************************************************************
>> Linked Thu May 31 19:35:25 2018

OUTPUT FILE NAME:   <ble5_simple_peripheral_cc2640r2lp_app.out>
ENTRY POINT SYMBOL: "ResetISR"  address: 00010c81


MEMORY CONFIGURATION

         name            origin    length      used     unused   attr    fill
----------------------  --------  ---------  --------  --------  ----  --------
  FLASH                 00000000   0001f000  00016954  000086ac  R  X
  FLASH_LAST_PAGE       0001f000   00001000  00000058  00000fa8  R  X
  SRAM                  20000000   00004400  000025dc  00001e24  RW X


SEGMENT ALLOCATION MAP

run origin  load origin   length   init length attrs members
----------  ----------- ---------- ----------- ----- -------
00000000    00000000    0001595c   0001595c    r-x
  00000000    00000000    0000003c   0000003c    r-- .resetVecs
  0000003c    0000003c    00000fc4   00000fc4    r-x .text.1
  00001000    00001000    00000028   00000028    r-- .const:ti_sysbios_heaps_HeapMem_Module__FXNS__C
  00001028    00001028    00000024   00000024    r-- .const:ti_sysbios_gates_GateHwi_Module__FXNS__C
  0000104c    0000104c    00000024   00000024    r-- .const:ti_sysbios_gates_GateMutex_Module__FXNS__C
  00001070    00001070    00000020   00000020    r-- .const:ti_sysbios_family_arm_m3_Hwi_Object__DESC__C
  00001090    00001090    00000020   00000020    r-- .const:ti_sysbios_gates_GateHwi_Object__DESC__C
  000010b0    000010b0    00000020   00000020    r-- .const:ti_sysbios_gates_GateMutex_Object__DESC__C
  000010d0    000010d0    00000020   00000020    r-- .const:ti_sysbios_hal_Hwi_Object__DESC__C
  000010f0    000010f0    00000020   00000020    r-- .const:ti_sysbios_heaps_HeapMem_Object__DESC__C
  00001110    00001110    00000020   00000020    r-- .const:ti_sysbios_knl_Clock_Object__DESC__C
  00001130    00001130    00000020   00000020    r-- .const:ti_sysbios_knl_Event_Object__DESC__C
  00001150    00001150    00000020   00000020    r-- .const:ti_sysbios_knl_Mailbox_Object__DESC__C
  00001170    00001170    00000020   00000020    r-- .const:ti_sysbios_knl_Queue_Object__DESC__C
  00001190    00001190    00000020   00000020    r-- .const:ti_sysbios_knl_Semaphore_Object__DESC__C
  000011b0    000011b0    00000020   00000020    r-- .const:ti_sysbios_knl_Swi_Object__DESC__C
  000011d0    000011d0    00000020   00000020    r-- .const:ti_sysbios_knl_Task_Object__DESC__C
  000011f0    000011f0    00000008   00000008    r-- .const:ti_sysbios_knl_Idle_funcList__C
  000011f8    000011f8    00000004   00000004    r-- .const:ti_sysbios_family_arm_cc26xx_Timer_startupNeeded__C
  000011fc    000011fc    00000004   00000004    r-- .const:ti_sysbios_family_arm_m3_Hwi_E_alreadyDefined__C
  00001200    00001200    00000004   00000004    r-- .const:ti_sysbios_family_arm_m3_Hwi_E_hwiLimitExceeded__C
  00001204    00001204    00000004   00000004    r-- .const:ti_sysbios_family_arm_m3_Hwi_NUM_INTERRUPTS__C
  00001208    00001208    00000004   00000004    r-- .const:ti_sysbios_family_arm_m3_Hwi_Object__count__C
  0000120c    0000120c    00000004   00000004    r-- .const:ti_sysbios_family_arm_m3_Hwi_Object__table__C
  00001210    00001210    00000004   00000004    r-- .const:ti_sysbios_family_arm_m3_Hwi_ccr__C
  00001214    00001214    00000004   00000004    r-- .const:ti_sysbios_family_arm_m3_Hwi_excHandlerFunc__C
  00001218    00001218    00000004   00000004    r-- .const:ti_sysbios_family_arm_m3_Hwi_nullIsrFunc__C
  0000121c    0000121c    00000004   00000004    r-- .const:ti_sysbios_family_arm_m3_Hwi_numSparseInterrupts__C
  00001220    00001220    00000004   00000004    r-- .const:ti_sysbios_family_arm_m3_Hwi_priGroup__C
  00001224    00001224    00000004   00000004    r-- .const:ti_sysbios_family_arm_m3_TaskSupport_stackAlignment__C
  00001228    00001228    00000004   00000004    r-- .const:ti_sysbios_heaps_HeapMem_E_memory__C
  0000122c    0000122c    00000004   00000004    r-- .const:ti_sysbios_heaps_HeapMem_Module__gateObj__C
  00001230    00001230    00000004   00000004    r-- .const:ti_sysbios_heaps_HeapMem_Object__count__C
  00001234    00001234    00000004   00000004    r-- .const:ti_sysbios_heaps_HeapMem_Object__table__C
  00001238    00001238    00000004   00000004    r-- .const:ti_sysbios_heaps_HeapMem_reqAlign__C
  0000123c    0000123c    00000004   00000004    r-- .const:ti_sysbios_knl_Clock_triggerClock__C
  00001240    00001240    00000004   00000004    r-- .const:ti_sysbios_knl_Mailbox_Object__count__C
  00001244    00001244    00000004   00000004    r-- .const:ti_sysbios_knl_Mailbox_Object__table__C
  00001248    00001248    00000004   00000004    r-- .const:ti_sysbios_knl_Mailbox_maxTypeAlign__C
  0000124c    0000124c    00000004   00000004    r-- .const:ti_sysbios_knl_Queue_Object__count__C
  00001250    00001250    00000004   00000004    r-- .const:ti_sysbios_knl_Queue_Object__table__C
  00001254    00001254    00000004   00000004    r-- .const:ti_sysbios_knl_Semaphore_eventPost__C
  00001258    00001258    00000004   00000004    r-- .const:ti_sysbios_knl_Semaphore_eventSync__C
  0000125c    0000125c    00000004   00000004    r-- .const:ti_sysbios_knl_Swi_Object__count__C
  00001260    00001260    00000004   00000004    r-- .const:ti_sysbios_knl_Swi_Object__table__C
  00001264    00001264    00000004   00000004    r-- .const:ti_sysbios_knl_Swi_numPriorities__C
  00001268    00001268    00000004   00000004    r-- .const:ti_sysbios_knl_Task_Object__count__C
  0000126c    0000126c    00000004   00000004    r-- .const:ti_sysbios_knl_Task_Object__table__C
  00001270    00001270    00000004   00000004    r-- .const:ti_sysbios_knl_Task_allBlockedFunc__C
  00001274    00001274    00000004   00000004    r-- .const:ti_sysbios_knl_Task_defaultStackHeap__C
  00001278    00001278    00000004   00000004    r-- .const:ti_sysbios_knl_Task_defaultStackSize__C
  0000127c    0000127c    00000004   00000004    r-- .const:ti_sysbios_knl_Task_numConstructedTasks__C
  00001280    00001280    00000002   00000002    r-- .const:ti_sysbios_family_arm_cc26xx_Timer_Module__id__C
  00001282    00001282    00000002   00000002    r-- .const:ti_sysbios_family_arm_cc26xx_TimestampProvider_useClockTimer__C
  00001284    00001284    00000002   00000002    r-- .const:ti_sysbios_family_arm_m3_Hwi_Module__id__C
  00001286    00001286    00000002   00000002    r-- .const:ti_sysbios_gates_GateHwi_Module__id__C
  00001288    00001288    00000002   00000002    r-- .const:ti_sysbios_gates_GateMutex_Module__id__C
  0000128a    0000128a    00000002   00000002    r-- .const:ti_sysbios_heaps_HeapMem_Module__id__C
  0000128c    0000128c    00000002   00000002    r-- .const:ti_sysbios_knl_Task_initStackFlag__C
  0000128e    0000128e    00000001   00000001    r-- .const:ti_sysbios_knl_Clock_tickMode__C
  00001290    00001290    00000008   00000008    r-- .const:xdc_runtime_Startup_firstFxns__C
  00001298    00001298    00000008   00000008    r-- .const:xdc_runtime_Startup_lastFxns__C
  000012a0    000012a0    00000004   00000004    r-- .const:xdc_runtime_Assert_E_assertFailed__C
  000012a4    000012a4    00000004   00000004    r-- .const:xdc_runtime_Error_E_memory__C
  000012a8    000012a8    00000004   00000004    r-- .const:xdc_runtime_Error_policyFxn__C
  000012ac    000012ac    00000004   00000004    r-- .const:xdc_runtime_Error_raiseHook__C
  000012b0    000012b0    00000004   00000004    r-- .const:xdc_runtime_IGateProvider_Interface__BASE__C
  000012b4    000012b4    00000004   00000004    r-- .const:xdc_runtime_IHeap_Interface__BASE__C
  000012b8    000012b8    00000004   00000004    r-- .const:xdc_runtime_IModule_Interface__BASE__C
  000012bc    000012bc    00000004   00000004    r-- .const:xdc_runtime_Memory_defaultHeapInstance__C
  000012c0    000012c0    00000004   00000004    r-- .const:xdc_runtime_Startup_execImpl__C
  000012c4    000012c4    00000004   00000004    r-- .const:xdc_runtime_Startup_maxPasses__C
  000012c8    000012c8    00000004   00000004    r-- .const:xdc_runtime_Startup_sfxnRts__C
  000012cc    000012cc    00000004   00000004    r-- .const:xdc_runtime_Startup_sfxnTab__C
  000012d0    000012d0    00000004   00000004    r-- .const:xdc_runtime_Startup_startModsFxn__C
  000012d4    000012d4    00000004   00000004    r-- .const:xdc_runtime_SysCallback_abortFxn__C
  000012d8    000012d8    00000004   00000004    r-- .const:xdc_runtime_SysCallback_exitFxn__C
  000012dc    000012dc    00000004   00000004    r-- .const:xdc_runtime_System_abortFxn__C
  000012e0    000012e0    00000004   00000004    r-- .const:xdc_runtime_System_exitFxn__C
  000012e4    000012e4    00000004   00000004    r-- .const:xdc_runtime_System_maxAtexitHandlers__C
  000012e8    000012e8    00000004   00000004    r-- .const:xdc_runtime_Text_charTab__C
  000012ec    000012ec    00000004   00000004    r-- .const:xdc_runtime_Text_nameEmpty__C
  000012f0    000012f0    00000004   00000004    r-- .const:xdc_runtime_Text_nameStatic__C
  000012f4    000012f4    00000004   00000004    r-- .const:xdc_runtime_Text_nameUnknown__C
  000012f8    000012f8    00000002   00000002    r-- .const:xdc_runtime_Error_maxDepth__C
  000012fa    000012fa    00000002   00000002    r-- .const:xdc_runtime_Memory_Module__id__C
  000012fc    000012fc    00000002   00000002    r-- .const:xdc_runtime_Text_charCnt__C
  000012fe    000012fe    00000002   00000002    r-- .const:xdc_runtime_Text_isLoaded__C
  00001300    00001300    00000001   00000001    r-- .const:xdc_runtime_Error_policy__C
  00001304    00001304    00000004   00000004    r-- .const:ti_sysbios_rom_ROM_ti_sysbios_family_arm_cc26xx_Timer_getCount64__E
  00001308    00001308    00000004   00000004    r-- .const:ti_sysbios_rom_ROM_ti_sysbios_family_arm_cc26xx_Timer_getCurrentTick__E
  0000130c    0000130c    00000004   00000004    r-- .const:ti_sysbios_rom_ROM_ti_sysbios_family_arm_cc26xx_Timer_getMaxTicks__E
  00001310    00001310    00000004   00000004    r-- .const:ti_sysbios_rom_ROM_ti_sysbios_family_arm_cc26xx_Timer_initDevice__I
  00001314    00001314    00000004   00000004    r-- .const:ti_sysbios_rom_ROM_ti_sysbios_family_arm_cc26xx_Timer_setNextTick__E
  00001318    00001318    00000004   00000004    r-- .const:ti_sysbios_rom_ROM_ti_sysbios_family_arm_cc26xx_Timer_setThreshold__I
  0000131c    0000131c    00000004   00000004    r-- .const:ti_sysbios_rom_ROM_ti_sysbios_family_arm_cc26xx_Timer_start__E
  00001320    00001320    00000004   00000004    r-- .const:ti_sysbios_rom_ROM_ti_sysbios_family_arm_cc26xx_TimestampProvider_get32__E
  00001324    00001324    00000004   00000004    r-- .const:ti_sysbios_rom_ROM_xdc_runtime_Startup_getState__I
  00001328    00001328    00000004   00000004    r-- .const:ti_sysbios_rom_ROM_xdc_runtime_System_SupportProxy_abort__E
  0000132c    0000132c    00000004   00000004    r-- .const:ti_sysbios_rom_ROM_xdc_runtime_System_SupportProxy_exit__E
  00001330    00001330    00013184   00013184    r-x .text.2
  000144b4    000144b4    00000f18   00000f18    r-- .const
  000153cc    000153cc    00000090   00000090    r-- .rodata
  00015460    00015460    000004fc   000004fc    r-- .cinit
0001e000    0001e000    00001000   00001000    r--
  0001e000    0001e000    00001000   00001000    r-- .TI.bound:NV_FLASH
0001ffa8    0001ffa8    00000058   00000058    r--
  0001ffa8    0001ffa8    00000058   00000058    r-- .ccfg
20000100    20000100    00002116   00000000    rw-
  20000100    20000100    00000044   00000000    rw- .data:ti_sysbios_knl_Task_Module__state__V
  20000144    20000144    00000034   00000000    rw- .data:ti_sysbios_family_arm_m3_Hwi_Module__state__V
  20000178    20000178    0000002c   00000000    rw- .data:ti_sysbios_knl_Clock_Module__state__V
  200001a4    200001a4    00000024   00000000    rw- .data:ti_sysbios_BIOS_Module__state__V
  200001c8    200001c8    0000001c   00000000    rw- .data:ti_sysbios_knl_Swi_Module__state__V
  200001e4    200001e4    00000008   00000000    rw- .data:ti_sysbios_family_arm_cc26xx_Timer_Module__state__V
  200001ec    200001ec    00000004   00000000    rw- .data:ti_sysbios_family_arm_cc26xx_TimestampProvider_Module__state__V
  200001f0    200001f0    00000008   00000000    rw- .data:xdc_runtime_Startup_Module__state__V
  200001f8    200001f8    00000008   00000000    rw- .data:xdc_runtime_System_Module__state__V
  20000200    20000200    00000004   00000000    rw- .data:xdc_runtime_Memory_Module__state__V
  20000204    20000204    00000002   00000000    rw- .data:xdc_runtime_Error_Module__state__V
  20000208    20000208    000016dc   00000000    rw- .data
  200018e8    200018e8    0000092e   00000000    rw- .bss
20004000    20004000    00000400   00000000    rw-
  20004000    20004000    00000400   00000000    rw- .stack


SECTION ALLOCATION MAP

 output                                  attributes/
section   page    origin      length       input sections
--------  ----  ----------  ----------   ----------------
.resetVecs 
*          0    00000000    0000003c     
                  00000000    0000003c     app_ble_pem3.oem3 (.resetVecs)

.text.1    0    0000003c    00000fc4     
                  0000003c    00000f48     cc2640_ll_pxxx.a : ll.o (.text)
                  00000f84    00000008     ble_r2.symbols (.tramp.LL_ENC_GenerateTrueRandNum.1)
                  00000f8c    00000008     ble_r2.symbols (.tramp.LL_PRIV_GenerateRSA.1)
                  00000f94    00000008     ble_r2.symbols (.tramp.LL_ENC_Init.1)
                  00000f9c    00000064     driverlib.lib : sys_ctrl.obj (.text:NOROM_SysCtrlAdjustRechargeAfterPowerDown)

.const:ti_sysbios_heaps_HeapMem_Module__FXNS__C 
*          0    00001000    00000028     
                  00001000    00000028     app_ble_pem3.oem3 (.const:ti_sysbios_heaps_HeapMem_Module__FXNS__C)

.const:ti_sysbios_gates_GateHwi_Module__FXNS__C 
*          0    00001028    00000024     
                  00001028    00000024     app_ble_pem3.oem3 (.const:ti_sysbios_gates_GateHwi_Module__FXNS__C)

.const:ti_sysbios_gates_GateMutex_Module__FXNS__C 
*          0    0000104c    00000024     
                  0000104c    00000024     app_ble_pem3.oem3 (.const:ti_sysbios_gates_GateMutex_Module__FXNS__C)

.const:ti_sysbios_family_arm_m3_Hwi_Object__DESC__C 
*          0    00001070    00000020     
                  00001070    00000020     app_ble_pem3.oem3 (.const:ti_sysbios_family_arm_m3_Hwi_Object__DESC__C)

.const:ti_sysbios_gates_GateHwi_Object__DESC__C 
*          0    00001090    00000020     
                  00001090    00000020     app_ble_pem3.oem3 (.const:ti_sysbios_gates_GateHwi_Object__DESC__C)

.const:ti_sysbios_gates_GateMutex_Object__DESC__C 
*          0    000010b0    00000020     
                  000010b0    00000020     app_ble_pem3.oem3 (.const:ti_sysbios_gates_GateMutex_Object__DESC__C)

.const:ti_sysbios_hal_Hwi_Object__DESC__C 
*          0    000010d0    00000020     
                  000010d0    00000020     app_ble_pem3.oem3 (.const:ti_sysbios_hal_Hwi_Object__DESC__C)

.const:ti_sysbios_heaps_HeapMem_Object__DESC__C 
*          0    000010f0    00000020     
                  000010f0    00000020     app_ble_pem3.oem3 (.const:ti_sysbios_heaps_HeapMem_Object__DESC__C)

.const:ti_sysbios_knl_Clock_Object__DESC__C 
*          0    00001110    00000020     
                  00001110    00000020     app_ble_pem3.oem3 (.const:ti_sysbios_knl_Clock_Object__DESC__C)

.const:ti_sysbios_knl_Event_Object__DESC__C 
*          0    00001130    00000020     
                  00001130    00000020     app_ble_pem3.oem3 (.const:ti_sysbios_knl_Event_Object__DESC__C)

.const:ti_sysbios_knl_Mailbox_Object__DESC__C 
*          0    00001150    00000020     
                  00001150    00000020     app_ble_pem3.oem3 (.const:ti_sysbios_knl_Mailbox_Object__DESC__C)

.const:ti_sysbios_knl_Queue_Object__DESC__C 
*          0    00001170    00000020     
                  00001170    00000020     app_ble_pem3.oem3 (.const:ti_sysbios_knl_Queue_Object__DESC__C)

.const:ti_sysbios_knl_Semaphore_Object__DESC__C 
*          0    00001190    00000020     
                  00001190    00000020     app_ble_pem3.oem3 (.const:ti_sysbios_knl_Semaphore_Object__DESC__C)

.const:ti_sysbios_knl_Swi_Object__DESC__C 
*          0    000011b0    00000020     
                  000011b0    00000020     app_ble_pem3.oem3 (.const:ti_sysbios_knl_Swi_Object__DESC__C)

.const:ti_sysbios_knl_Task_Object__DESC__C 
*          0    000011d0    00000020     
                  000011d0    00000020     app_ble_pem3.oem3 (.const:ti_sysbios_knl_Task_Object__DESC__C)

.const:ti_sysbios_knl_Idle_funcList__C 
*          0    000011f0    00000008     
                  000011f0    00000008     app_ble_pem3.oem3 (.const:ti_sysbios_knl_Idle_funcList__C)

.const:ti_sysbios_family_arm_cc26xx_Timer_startupNeeded__C 
*          0    000011f8    00000004     
                  000011f8    00000004     app_ble_pem3.oem3 (.const:ti_sysbios_family_arm_cc26xx_Timer_startupNeeded__C)

.const:ti_sysbios_family_arm_m3_Hwi_E_alreadyDefined__C 
*          0    000011fc    00000004     
                  000011fc    00000004     app_ble_pem3.oem3 (.const:ti_sysbios_family_arm_m3_Hwi_E_alreadyDefined__C)

.const:ti_sysbios_family_arm_m3_Hwi_E_hwiLimitExceeded__C 
*          0    00001200    00000004     
                  00001200    00000004     app_ble_pem3.oem3 (.const:ti_sysbios_family_arm_m3_Hwi_E_hwiLimitExceeded__C)

.const:ti_sysbios_family_arm_m3_Hwi_NUM_INTERRUPTS__C 
*          0    00001204    00000004     
                  00001204    00000004     app_ble_pem3.oem3 (.const:ti_sysbios_family_arm_m3_Hwi_NUM_INTERRUPTS__C)

.const:ti_sysbios_family_arm_m3_Hwi_Object__count__C 
*          0    00001208    00000004     
                  00001208    00000004     app_ble_pem3.oem3 (.const:ti_sysbios_family_arm_m3_Hwi_Object__count__C)

.const:ti_sysbios_family_arm_m3_Hwi_Object__table__C 
*          0    0000120c    00000004     
                  0000120c    00000004     app_ble_pem3.oem3 (.const:ti_sysbios_family_arm_m3_Hwi_Object__table__C)

.const:ti_sysbios_family_arm_m3_Hwi_ccr__C 
*          0    00001210    00000004     
                  00001210    00000004     app_ble_pem3.oem3 (.const:ti_sysbios_family_arm_m3_Hwi_ccr__C)

.const:ti_sysbios_family_arm_m3_Hwi_excHandlerFunc__C 
*          0    00001214    00000004     
                  00001214    00000004     app_ble_pem3.oem3 (.const:ti_sysbios_family_arm_m3_Hwi_excHandlerFunc__C)

.const:ti_sysbios_family_arm_m3_Hwi_nullIsrFunc__C 
*          0    00001218    00000004     
                  00001218    00000004     app_ble_pem3.oem3 (.const:ti_sysbios_family_arm_m3_Hwi_nullIsrFunc__C)

.const:ti_sysbios_family_arm_m3_Hwi_numSparseInterrupts__C 
*          0    0000121c    00000004     
                  0000121c    00000004     app_ble_pem3.oem3 (.const:ti_sysbios_family_arm_m3_Hwi_numSparseInterrupts__C)

.const:ti_sysbios_family_arm_m3_Hwi_priGroup__C 
*          0    00001220    00000004     
                  00001220    00000004     app_ble_pem3.oem3 (.const:ti_sysbios_family_arm_m3_Hwi_priGroup__C)

.const:ti_sysbios_family_arm_m3_TaskSupport_stackAlignment__C 
*          0    00001224    00000004     
                  00001224    00000004     app_ble_pem3.oem3 (.const:ti_sysbios_family_arm_m3_TaskSupport_stackAlignment__C)

.const:ti_sysbios_heaps_HeapMem_E_memory__C 
*          0    00001228    00000004     
                  00001228    00000004     app_ble_pem3.oem3 (.const:ti_sysbios_heaps_HeapMem_E_memory__C)

.const:ti_sysbios_heaps_HeapMem_Module__gateObj__C 
*          0    0000122c    00000004     
                  0000122c    00000004     app_ble_pem3.oem3 (.const:ti_sysbios_heaps_HeapMem_Module__gateObj__C)

.const:ti_sysbios_heaps_HeapMem_Object__count__C 
*          0    00001230    00000004     
                  00001230    00000004     app_ble_pem3.oem3 (.const:ti_sysbios_heaps_HeapMem_Object__count__C)

.const:ti_sysbios_heaps_HeapMem_Object__table__C 
*          0    00001234    00000004     
                  00001234    00000004     app_ble_pem3.oem3 (.const:ti_sysbios_heaps_HeapMem_Object__table__C)

.const:ti_sysbios_heaps_HeapMem_reqAlign__C 
*          0    00001238    00000004     
                  00001238    00000004     app_ble_pem3.oem3 (.const:ti_sysbios_heaps_HeapMem_reqAlign__C)

.const:ti_sysbios_knl_Clock_triggerClock__C 
*          0    0000123c    00000004     
                  0000123c    00000004     app_ble_pem3.oem3 (.const:ti_sysbios_knl_Clock_triggerClock__C)

.const:ti_sysbios_knl_Mailbox_Object__count__C 
*          0    00001240    00000004     
                  00001240    00000004     app_ble_pem3.oem3 (.const:ti_sysbios_knl_Mailbox_Object__count__C)

.const:ti_sysbios_knl_Mailbox_Object__table__C 
*          0    00001244    00000004     
                  00001244    00000004     app_ble_pem3.oem3 (.const:ti_sysbios_knl_Mailbox_Object__table__C)

.const:ti_sysbios_knl_Mailbox_maxTypeAlign__C 
*          0    00001248    00000004     
                  00001248    00000004     app_ble_pem3.oem3 (.const:ti_sysbios_knl_Mailbox_maxTypeAlign__C)

.const:ti_sysbios_knl_Queue_Object__count__C 
*          0    0000124c    00000004     
                  0000124c    00000004     app_ble_pem3.oem3 (.const:ti_sysbios_knl_Queue_Object__count__C)

.const:ti_sysbios_knl_Queue_Object__table__C 
*          0    00001250    00000004     
                  00001250    00000004     app_ble_pem3.oem3 (.const:ti_sysbios_knl_Queue_Object__table__C)

.const:ti_sysbios_knl_Semaphore_eventPost__C 
*          0    00001254    00000004     
                  00001254    00000004     app_ble_pem3.oem3 (.const:ti_sysbios_knl_Semaphore_eventPost__C)

.const:ti_sysbios_knl_Semaphore_eventSync__C 
*          0    00001258    00000004     
                  00001258    00000004     app_ble_pem3.oem3 (.const:ti_sysbios_knl_Semaphore_eventSync__C)

.const:ti_sysbios_knl_Swi_Object__count__C 
*          0    0000125c    00000004     
                  0000125c    00000004     app_ble_pem3.oem3 (.const:ti_sysbios_knl_Swi_Object__count__C)

.const:ti_sysbios_knl_Swi_Object__table__C 
*          0    00001260    00000004     
                  00001260    00000004     app_ble_pem3.oem3 (.const:ti_sysbios_knl_Swi_Object__table__C)

.const:ti_sysbios_knl_Swi_numPriorities__C 
*          0    00001264    00000004     
                  00001264    00000004     app_ble_pem3.oem3 (.const:ti_sysbios_knl_Swi_numPriorities__C)

.const:ti_sysbios_knl_Task_Object__count__C 
*          0    00001268    00000004     
                  00001268    00000004     app_ble_pem3.oem3 (.const:ti_sysbios_knl_Task_Object__count__C)

.const:ti_sysbios_knl_Task_Object__table__C 
*          0    0000126c    00000004     
                  0000126c    00000004     app_ble_pem3.oem3 (.const:ti_sysbios_knl_Task_Object__table__C)

.const:ti_sysbios_knl_Task_allBlockedFunc__C 
*          0    00001270    00000004     
                  00001270    00000004     app_ble_pem3.oem3 (.const:ti_sysbios_knl_Task_allBlockedFunc__C)

.const:ti_sysbios_knl_Task_defaultStackHeap__C 
*          0    00001274    00000004     
                  00001274    00000004     app_ble_pem3.oem3 (.const:ti_sysbios_knl_Task_defaultStackHeap__C)

.const:ti_sysbios_knl_Task_defaultStackSize__C 
*          0    00001278    00000004     
                  00001278    00000004     app_ble_pem3.oem3 (.const:ti_sysbios_knl_Task_defaultStackSize__C)

.const:ti_sysbios_knl_Task_numConstructedTasks__C 
*          0    0000127c    00000004     
                  0000127c    00000004     app_ble_pem3.oem3 (.const:ti_sysbios_knl_Task_numConstructedTasks__C)

.const:ti_sysbios_family_arm_cc26xx_Timer_Module__id__C 
*          0    00001280    00000002     
                  00001280    00000002     app_ble_pem3.oem3 (.const:ti_sysbios_family_arm_cc26xx_Timer_Module__id__C)

.const:ti_sysbios_family_arm_cc26xx_TimestampProvider_useClockTimer__C 
*          0    00001282    00000002     
                  00001282    00000002     app_ble_pem3.oem3 (.const:ti_sysbios_family_arm_cc26xx_TimestampProvider_useClockTimer__C)

.const:ti_sysbios_family_arm_m3_Hwi_Module__id__C 
*          0    00001284    00000002     
                  00001284    00000002     app_ble_pem3.oem3 (.const:ti_sysbios_family_arm_m3_Hwi_Module__id__C)

.const:ti_sysbios_gates_GateHwi_Module__id__C 
*          0    00001286    00000002     
                  00001286    00000002     app_ble_pem3.oem3 (.const:ti_sysbios_gates_GateHwi_Module__id__C)

.const:ti_sysbios_gates_GateMutex_Module__id__C 
*          0    00001288    00000002     
                  00001288    00000002     app_ble_pem3.oem3 (.const:ti_sysbios_gates_GateMutex_Module__id__C)

.const:ti_sysbios_heaps_HeapMem_Module__id__C 
*          0    0000128a    00000002     
                  0000128a    00000002     app_ble_pem3.oem3 (.const:ti_sysbios_heaps_HeapMem_Module__id__C)

.const:ti_sysbios_knl_Task_initStackFlag__C 
*          0    0000128c    00000002     
                  0000128c    00000002     app_ble_pem3.oem3 (.const:ti_sysbios_knl_Task_initStackFlag__C)

.const:ti_sysbios_knl_Clock_tickMode__C 
*          0    0000128e    00000001     
                  0000128e    00000001     app_ble_pem3.oem3 (.const:ti_sysbios_knl_Clock_tickMode__C)

.const:xdc_runtime_Startup_firstFxns__C 
*          0    00001290    00000008     
                  00001290    00000008     app_ble_pem3.oem3 (.const:xdc_runtime_Startup_firstFxns__C)

.const:xdc_runtime_Startup_lastFxns__C 
*          0    00001298    00000008     
                  00001298    00000008     app_ble_pem3.oem3 (.const:xdc_runtime_Startup_lastFxns__C)

.const:xdc_runtime_Assert_E_assertFailed__C 
*          0    000012a0    00000004     
                  000012a0    00000004     app_ble_pem3.oem3 (.const:xdc_runtime_Assert_E_assertFailed__C)

.const:xdc_runtime_Error_E_memory__C 
*          0    000012a4    00000004     
                  000012a4    00000004     app_ble_pem3.oem3 (.const:xdc_runtime_Error_E_memory__C)

.const:xdc_runtime_Error_policyFxn__C 
*          0    000012a8    00000004     
                  000012a8    00000004     app_ble_pem3.oem3 (.const:xdc_runtime_Error_policyFxn__C)

.const:xdc_runtime_Error_raiseHook__C 
*          0    000012ac    00000004     
                  000012ac    00000004     app_ble_pem3.oem3 (.const:xdc_runtime_Error_raiseHook__C)

.const:xdc_runtime_IGateProvider_Interface__BASE__C 
*          0    000012b0    00000004     
                  000012b0    00000004     app_ble_pem3.oem3 (.const:xdc_runtime_IGateProvider_Interface__BASE__C)

.const:xdc_runtime_IHeap_Interface__BASE__C 
*          0    000012b4    00000004     
                  000012b4    00000004     app_ble_pem3.oem3 (.const:xdc_runtime_IHeap_Interface__BASE__C)

.const:xdc_runtime_IModule_Interface__BASE__C 
*          0    000012b8    00000004     
                  000012b8    00000004     app_ble_pem3.oem3 (.const:xdc_runtime_IModule_Interface__BASE__C)

.const:xdc_runtime_Memory_defaultHeapInstance__C 
*          0    000012bc    00000004     
                  000012bc    00000004     app_ble_pem3.oem3 (.const:xdc_runtime_Memory_defaultHeapInstance__C)

.const:xdc_runtime_Startup_execImpl__C 
*          0    000012c0    00000004     
                  000012c0    00000004     app_ble_pem3.oem3 (.const:xdc_runtime_Startup_execImpl__C)

.const:xdc_runtime_Startup_maxPasses__C 
*          0    000012c4    00000004     
                  000012c4    00000004     app_ble_pem3.oem3 (.const:xdc_runtime_Startup_maxPasses__C)

.const:xdc_runtime_Startup_sfxnRts__C 
*          0    000012c8    00000004     
                  000012c8    00000004     app_ble_pem3.oem3 (.const:xdc_runtime_Startup_sfxnRts__C)

.const:xdc_runtime_Startup_sfxnTab__C 
*          0    000012cc    00000004     
                  000012cc    00000004     app_ble_pem3.oem3 (.const:xdc_runtime_Startup_sfxnTab__C)

.const:xdc_runtime_Startup_startModsFxn__C 
*          0    000012d0    00000004     
                  000012d0    00000004     app_ble_pem3.oem3 (.const:xdc_runtime_Startup_startModsFxn__C)

.const:xdc_runtime_SysCallback_abortFxn__C 
*          0    000012d4    00000004     
                  000012d4    00000004     app_ble_pem3.oem3 (.const:xdc_runtime_SysCallback_abortFxn__C)

.const:xdc_runtime_SysCallback_exitFxn__C 
*          0    000012d8    00000004     
                  000012d8    00000004     app_ble_pem3.oem3 (.const:xdc_runtime_SysCallback_exitFxn__C)

.const:xdc_runtime_System_abortFxn__C 
*          0    000012dc    00000004     
                  000012dc    00000004     app_ble_pem3.oem3 (.const:xdc_runtime_System_abortFxn__C)

.const:xdc_runtime_System_exitFxn__C 
*          0    000012e0    00000004     
                  000012e0    00000004     app_ble_pem3.oem3 (.const:xdc_runtime_System_exitFxn__C)

.const:xdc_runtime_System_maxAtexitHandlers__C 
*          0    000012e4    00000004     
                  000012e4    00000004     app_ble_pem3.oem3 (.const:xdc_runtime_System_maxAtexitHandlers__C)

.const:xdc_runtime_Text_charTab__C 
*          0    000012e8    00000004     
                  000012e8    00000004     app_ble_pem3.oem3 (.const:xdc_runtime_Text_charTab__C)

.const:xdc_runtime_Text_nameEmpty__C 
*          0    000012ec    00000004     
                  000012ec    00000004     app_ble_pem3.oem3 (.const:xdc_runtime_Text_nameEmpty__C)

.const:xdc_runtime_Text_nameStatic__C 
*          0    000012f0    00000004     
                  000012f0    00000004     app_ble_pem3.oem3 (.const:xdc_runtime_Text_nameStatic__C)

.const:xdc_runtime_Text_nameUnknown__C 
*          0    000012f4    00000004     
                  000012f4    00000004     app_ble_pem3.oem3 (.const:xdc_runtime_Text_nameUnknown__C)

.const:xdc_runtime_Error_maxDepth__C 
*          0    000012f8    00000002     
                  000012f8    00000002     app_ble_pem3.oem3 (.const:xdc_runtime_Error_maxDepth__C)

.const:xdc_runtime_Memory_Module__id__C 
*          0    000012fa    00000002     
                  000012fa    00000002     app_ble_pem3.oem3 (.const:xdc_runtime_Memory_Module__id__C)

.const:xdc_runtime_Text_charCnt__C 
*          0    000012fc    00000002     
                  000012fc    00000002     app_ble_pem3.oem3 (.const:xdc_runtime_Text_charCnt__C)

.const:xdc_runtime_Text_isLoaded__C 
*          0    000012fe    00000002     
                  000012fe    00000002     app_ble_pem3.oem3 (.const:xdc_runtime_Text_isLoaded__C)

.const:xdc_runtime_Error_policy__C 
*          0    00001300    00000001     
                  00001300    00000001     app_ble_pem3.oem3 (.const:xdc_runtime_Error_policy__C)

.const:ti_sysbios_rom_ROM_ti_sysbios_family_arm_cc26xx_Timer_getCount64__E 
*          0    00001304    00000004     
                  00001304    00000004     app_ble_pem3.oem3 (.const:ti_sysbios_rom_ROM_ti_sysbios_family_arm_cc26xx_Timer_getCount64__E)

.const:ti_sysbios_rom_ROM_ti_sysbios_family_arm_cc26xx_Timer_getCurrentTick__E 
*          0    00001308    00000004     
                  00001308    00000004     app_ble_pem3.oem3 (.const:ti_sysbios_rom_ROM_ti_sysbios_family_arm_cc26xx_Timer_getCurrentTick__E)

.const:ti_sysbios_rom_ROM_ti_sysbios_family_arm_cc26xx_Timer_getMaxTicks__E 
*          0    0000130c    00000004     
                  0000130c    00000004     app_ble_pem3.oem3 (.const:ti_sysbios_rom_ROM_ti_sysbios_family_arm_cc26xx_Timer_getMaxTicks__E)

.const:ti_sysbios_rom_ROM_ti_sysbios_family_arm_cc26xx_Timer_initDevice__I 
*          0    00001310    00000004     
                  00001310    00000004     app_ble_pem3.oem3 (.const:ti_sysbios_rom_ROM_ti_sysbios_family_arm_cc26xx_Timer_initDevice__I)

.const:ti_sysbios_rom_ROM_ti_sysbios_family_arm_cc26xx_Timer_setNextTick__E 
*          0    00001314    00000004     
                  00001314    00000004     app_ble_pem3.oem3 (.const:ti_sysbios_rom_ROM_ti_sysbios_family_arm_cc26xx_Timer_setNextTick__E)

.const:ti_sysbios_rom_ROM_ti_sysbios_family_arm_cc26xx_Timer_setThreshold__I 
*          0    00001318    00000004     
                  00001318    00000004     app_ble_pem3.oem3 (.const:ti_sysbios_rom_ROM_ti_sysbios_family_arm_cc26xx_Timer_setThreshold__I)

.const:ti_sysbios_rom_ROM_ti_sysbios_family_arm_cc26xx_Timer_start__E 
*          0    0000131c    00000004     
                  0000131c    00000004     app_ble_pem3.oem3 (.const:ti_sysbios_rom_ROM_ti_sysbios_family_arm_cc26xx_Timer_start__E)

.const:ti_sysbios_rom_ROM_ti_sysbios_family_arm_cc26xx_TimestampProvider_get32__E 
*          0    00001320    00000004     
                  00001320    00000004     app_ble_pem3.oem3 (.const:ti_sysbios_rom_ROM_ti_sysbios_family_arm_cc26xx_TimestampProvider_get32__E)

.const:ti_sysbios_rom_ROM_xdc_runtime_Startup_getState__I 
*          0    00001324    00000004     
                  00001324    00000004     app_ble_pem3.oem3 (.const:ti_sysbios_rom_ROM_xdc_runtime_Startup_getState__I)

.const:ti_sysbios_rom_ROM_xdc_runtime_System_SupportProxy_abort__E 
*          0    00001328    00000004     
                  00001328    00000004     app_ble_pem3.oem3 (.const:ti_sysbios_rom_ROM_xdc_runtime_System_SupportProxy_abort__E)

.const:ti_sysbios_rom_ROM_xdc_runtime_System_SupportProxy_exit__E 
*          0    0000132c    00000004     
                  0000132c    00000004     app_ble_pem3.oem3 (.const:ti_sysbios_rom_ROM_xdc_runtime_System_SupportProxy_exit__E)

.text.2    0    00001330    00013184     
                  00001330    00000790     cc2640_ll_pxxx.a : ble.o (.text)
                  00001ac0    000006b0     simple_peripheral.obj (.text:SimpleBLEPeripheral_taskFxn$1)
                  00002170    00000588     peripheral.obj (.text:gapRole_taskFxn$16)
                  000026f8    0000054c     cc2640_ll_pxxx.a : ll_adv_end_causes.o (.text)
                  00002c44    000004ec                      : ll_slave_end_causes.o (.text)
                  00003130    00000458                      : ll_slave_end_causes.o (.text)
                  00003588    0000032c     rf_singleMode_cc26x0r2.aem3 : RFCC26XX_singleMode.oem3 (.text:fsmActiveState)
                  000038b4    00000314     drivers_cc26x0r2.aem3 : PowerCC26XX_calibrateRCOSC.oem3 (.text:PowerCC26XX_auxISR)
                  00003bc8    0000030c     cc2640_ll_pxxx.a : ll.o (.text)
                  00003ed4    00000300                      : ll_scheduler.o (.text)
                  000041d4    000002bc     ble5_simple_peripheral_cc2640r2lp_stack_library.lib : icall_startup.obj (.text:startup_entry)
                  00004490    000002a8                                                         : gapbondmgr.obj (.text:GAPBondMgr_ProcessGAPMsg)
                  00004738    0000029c                                                         : gapbondmgr.obj (.text:GAPBondMgr_SetParameter)
                  000049d4    00000294     peripheral.obj (.text:GAPRole_SetParameter)
                  00004c68    0000028c     ble5_simple_peripheral_cc2640r2lp_stack_library.lib : gapbondmgr.obj (.text:GAPBondMgr_ProcessEvent)
                  00004ef4    00000280     cc2640_ll_pxxx.a : ll_isr.o (.text)
                  00005174    0000024c     cc26xx_profiles_pxxx.a : gapgattserver.o (.text)
                  000053c0    0000024c     drivers_cc26x0r2.aem3 : CryptoCC26XX.oem3 (.text:cryptoTransactionExecute)
                  0000560c    00000240     cc2640_ll_pxxx.a : ll_isr.o (.text)
                  0000584c    0000023c     drivers_cc26x0r2.aem3 : PowerCC26XX.oem3 (.text:Power_sleep)
                  00005a88    00000224     simple_peripheral.obj (.text:SimpleBLEPeripheral_processStateChangeEvt$1)
                  00005cac    00000210     driverlib.lib : sys_ctrl.obj (.text:NOROM_SysCtrlSetRechargeBeforePowerDown)
                  00005ebc    00000210     cc2640_ll_pxxx.a : ll_common.o (.text)
                  000060cc    00000210                      : ll_slave_end_causes.o (.text)
                  000062dc    00000210     cc26xx_profiles_pxxx.a : gattservapp.o (.text)
                  000064ec    0000020c     cc2640_ll_pxxx.a : ll_common.o (.text)
                  000066f8    00000208                      : ll_common.o (.text)
                  00006900    00000204     cc26xx_sm_pxxx.a : sm_pairing.o (.text)
                  00006b04    000001f4     rtsv7M3_T_le_eabi.lib : ull_div_t2.obj (.text)
                  00006cf8    000001d0     cc2640_ll_pxxx.a : ll_common.o (.text)
                  00006ec8    000001d0     ble5_simple_peripheral_cc2640r2lp_stack_library.lib : gapbondmgr.obj (.text:gapBondMgrAddBond$37)
                  00007098    000001c8     cc2640_ll_pxxx.a : ll.o (.text)
                  00007260    000001c8     rf_singleMode_cc26x0r2.aem3 : RFCC26XX_singleMode.oem3 (.text:fsmSetupState)
                  00007428    000001c0     ble5_simple_peripheral_cc2640r2lp_stack_library.lib : osal.obj (.text:osal_start_system)
                  000075e8    000001bc     main.obj (.text:AssertHandler)
                  000077a4    000001b0     rf_singleMode_cc26x0r2.aem3 : RFCC26XX_singleMode.oem3 (.text:RF_open)
                  00007954    000001b0     cc2640_ll_pxxx.a : ll_isr.o (.text)
                  00007b04    000001ac     PINCC26XX.obj (.text:PIN_init)
                  00007cb0    000001a8     rf_singleMode_cc26x0r2.aem3 : RFCC26XX_singleMode.oem3 (.text:RF_postCmd)
                  00007e58    000001a8     cc2640_ll_pxxx.a : ll.o (.text)
                  00008000    000001a8                      : ll.o (.text)
                  000081a8    00000194     ECCROMCC26XX.obj (.text:ECCROMCC26XX_genDHKey)
                  0000833c    00000194     ble5_simple_peripheral_cc2640r2lp_stack_library.lib : gapbondmgr.obj (.text:gapBondMgrAuthenticate$37)
                  000084d0    00000190     drivers_cc26x0r2.aem3 : PowerCC26XX_calibrateRCOSC.oem3 (.text:PowerCC26XX_doCalibrate)
                  00008660    00000190     icall.obj (.text:icall_directAPI)
                  000087f0    0000017c     rf_singleMode_cc26x0r2.aem3 : RFCC26XX_singleMode.oem3 (.text:abortCmd)
                  0000896c    00000174     cc26xx_gatt_pxxx.a : gatt_client.o (.text)
                  00008ae0    00000160                        : gatt_client.o (.text)
                  00008c40    0000015c     drivers_cc26x0r2.aem3 : UARTCC26XX.oem3 (.text:UARTCC26XX_open)
                  00008d9c    00000148     cc26xx_gap_pxxx.a : gap_linkmgr.o (.text)
                  00008ee4    00000144     cc2640_ll_pxxx.a : ll_common.o (.text)
                  00009028    0000013c     drivers_cc26x0r2.aem3 : PowerCC26XX.oem3 (.text:Power_init)
                  00009164    00000138     cc2640_ll_pxxx.a : ll.o (.text)
                  0000929c    00000134                      : ll.o (.text)
                  000093d0    0000012c     cc26xx_sm_pxxx.a : sm_task.o (.text)
                  000094fc    00000128     ECCROMCC26XX.obj (.text:ECCROMCC26XX_genKeys)
                  00009624    00000128     cc2640_ll_pxxx.a : ll_scheduler.o (.text)
                  0000974c    00000128     ble5_simple_peripheral_cc2640r2lp_stack_library.lib : gapbondmgr.obj (.text:gapBondMgrEraseBonding$37)
                  00009874    00000124     peripheral.obj (.text:GAPRole_GetParameter)
                  00009998    0000011c     ble5_simple_peripheral_cc2640r2lp_stack_library.lib : osal_snv_wrapper.obj (.text:compactPage$34)
                  00009ab4    00000118     drivers_cc26x0r2.aem3 : UARTCC26XX.oem3 (.text:UARTCC26XX_read)
                  00009bcc    0000010c     rf_singleMode_cc26x0r2.aem3 : RFCC26XX_singleMode.oem3 (.text:hwiFxnCpe0Active)
                  00009cd8    0000010a     drivers_cc26x0r2.aem3 : UARTCC26XX.oem3 (.text:UARTCC26XX_hwiIntFxn)
                  00009de2    00000002     ble_user_config.obj (.text:DefaultAssertCback)
                  00009de4    00000108     cc2640_ll_pxxx.a : ll_adv_end_causes.o (.text)
                  00009eec    00000100     ble5_simple_peripheral_cc2640r2lp_stack_library.lib : gapbondmgr.obj (.text:GAPBondMgr_LinkEst)
                  00009fec    00000100     simple_gatt_profile.obj (.text:simpleProfile_WriteAttrCB$17)
                  0000a0ec    000000fc     drivers_cc26x0r2.aem3 : UARTCC26XX.oem3 (.text:UARTCC26XX_write)
                  0000a1e8    000000fc     two_btn_menu.obj (.text:tbm_displayItemPage)
                  0000a2e4    000000f8     cc2640_ll_pxxx.a : ll.o (.text)
                  0000a3dc    000000f8     ble5_simple_peripheral_cc2640r2lp_stack_library.lib : osal_snv_wrapper.obj (.text:osal_snv_write)
                  0000a4d4    000000f8     rf_singleMode_cc26x0r2.aem3 : RFCC26XX_singleMode.oem3 (.text:radioOpDoneCb)
                  0000a5cc    000000f4                                 : RFCC26XX_singleMode.oem3 (.text:fsmPowerUpState)
                  0000a6c0    000000f0     cc2640_ll_pxxx.a : ll_common.o (.text)
                  0000a7b0    000000e8     ble5_simple_peripheral_cc2640r2lp_stack_library.lib : osal_timers.obj (.text:osalTimerUpdate)
                  0000a898    000000e4     cc26xx_gatt_pxxx.a : gatt_client.o (.text)
                  0000a97c    000000e0     cc26xx_sm_pxxx.a : sm_pairing.o (.text)
                  0000aa5c    000000dc     PINCC26XX.obj (.text:PINCC26XX_setIoCfg$7)
                  0000ab38    000000dc     cc2640_hci_pxxx.a : hci_event.o (.text)
                  0000ac14    000000d8     cc26xx_gap_pxxx.a : gap_linkmgr.o (.text)
                  0000acec    000000d4     drivers_cc26x0r2.aem3 : CryptoCC26XX.oem3 (.text:CryptoCC26XX_open)
                  0000adc0    000000d4     dpl_cc26x0r2.aem3 : PowerCC26XX_tirtos.oem3 (.text:PowerCC26XX_standbyPolicy)
                  0000ae94    000000d4     cc2640_ll_pxxx.a : ll_scheduler.o (.text)
                  0000af68    000000ce     cc26xx_sm_pxxx.a : sm_pairing.o (.text)
                  0000b036    00000002     driverlib.lib : rfc.obj (.text:NOROM_RFCAdi3VcoLdoVoltageMode)
                  0000b038    000000cc     cc2640_ll_pxxx.a : ll.o (.text)
                  0000b104    000000cc                      : ll_common.o (.text)
                  0000b1d0    000000c4     cc26xx_sm_pxxx.a : sm_pairing.o (.text)
                  0000b294    000000c2     cc2640_ll_pxxx.a : ll.o (.text)
                  0000b356    00000002     ble5_simple_peripheral_cc2640r2lp_stack_library.lib : onboard.obj (.text:Onboard_soft_reset)
                  0000b358    000000c0                                                         : osal.obj (.text:osal_set_event)
                  0000b418    000000bc     drivers_cc26x0r2.aem3 : PowerCC26XX.oem3 (.text:Power_releaseDependency)
                  0000b4d4    000000bc     cc2640_hci_pxxx.a : hci_event.o (.text)
                  0000b590    000000bc     cc2640_ll_pxxx.a : ll_common.o (.text)
                  0000b64c    000000b4     driverlib.lib : setup.obj (.text:NOROM_SetupTrimDevice)
                  0000b700    000000b4     drivers_cc26x0r2.aem3 : PowerCC26XX.oem3 (.text:Power_setDependency)
                  0000b7b4    000000b4     simple_peripheral.obj (.text:SimpleBLEPeripheral_performPeriodicTask$1)
                  0000b868    000000b4     cc2640_ll_pxxx.a : ll_adv_end_causes.o (.text)
                  0000b91c    000000b4     devinfoservice.obj (.text:devInfo_ReadAttrCB$13)
                  0000b9d0    000000b0     TRNGCC26XX.obj (.text:TRNGCC26XX_getNumber)
                  0000ba80    000000b0     drivers_cc26x0r2.aem3 : UARTCC26XX.oem3 (.text:UARTCC26XX_initHw)
                  0000bb30    000000b0     cc2640_hci_pxxx.a : hci_event.o (.text)
                  0000bbe0    000000b0     cc2640_ll_pxxx.a : ble.o (.text)
                  0000bc90    000000b0     cc26xx_gap_pxxx.a : gap_linkmgr.o (.text)
                  0000bd40    000000ac     cc2640_ll_pxxx.a : ll.o (.text)
                  0000bdec    000000ac     main.obj (.text:main)
                  0000be98    000000aa     cc2640_ll_pxxx.a : ll_common.o (.text)
                  0000bf42    00000002     ble5_simple_peripheral_cc2640r2lp_stack_library.lib : sm_ecc.obj (.text:SM_dhKeyCB)
                  0000bf44    000000a8     cc26xx_gatt_pxxx.a : gatt_client.o (.text)
                  0000bfec    000000a4     ble5_simple_peripheral_cc2640r2lp_stack_library.lib : gapbondmgr.obj (.text:GAPBondMgr_ResolveAddr)
                  0000c090    000000a4                                                         : osal.obj (.text:osal_msg_enqueue_push$29)
                  0000c134    000000a0     auto_init.aem3 : auto_init.oem3 (.text)
                  0000c1d4    000000a0     cc2640_hci_pxxx.a : hci_event.o (.text)
                  0000c274    000000a0     cc2640_ll_pxxx.a : ll_common.o (.text)
                  0000c314    000000a0                      : ll_common.o (.text)
                  0000c3b4    0000009e     ble5_simple_peripheral_cc2640r2lp_stack_library.lib : gapbondmgr.obj (.text:gapBondMgrUpdateCharCfg$37)
                  0000c452    00000002                                                         : sm_ecc.obj (.text:SM_p256KeyCB)
                  0000c454    0000009c                                                         : osal_cbtimer.obj (.text:cbTimerSetup$31)
                  0000c4f0    0000009c     rtsv7M3_T_le_eabi.lib : memcpy_t2.obj (.text)
                  0000c58c    00000098     ble5_simple_peripheral_cc2640r2lp_stack_library.lib : gapbondmgr.obj (.text:GAPBondMgr_syncResolvingList)
                  0000c624    00000098     PINCC26XX.obj (.text:PIN_open)
                  0000c6bc    00000098     drivers_cc26x0r2.aem3 : UARTCC26XX.oem3 (.text:UARTCC26XX_initIO)
                  0000c754    00000098     cc2640_ll_pxxx.a : ll.o (.text)
                  0000c7ec    00000098                      : ll.o (.text)
                  0000c884    00000098     rom_sysbios.aem3 : rom_sysbios.obj (.text:ti_sysbios_knl_Clock_workFuncDynamic__E)
                  0000c91c    00000094     icall.obj (.text:ICall_setTimer)
                  0000c9b0    00000094     cc2640_ll_pxxx.a : ll_enc.o (.text)
                  0000ca44    00000094     ble5_simple_peripheral_cc2640r2lp_stack_library.lib : osal.obj (.text:osal_msg_receive)
                  0000cad8    00000094                                                         : osal_timers.obj (.text:osal_timer_refTimeUpdate)
                  0000cb6c    00000094     drivers_cc26x0r2.aem3 : UARTCC26XX.oem3 (.text:writeFinishedDoCallback)
                  0000cc00    00000092     cc2640_ll_pxxx.a : ll_common.o (.text)
                  0000cc92    00000002     rf_singleMode_cc26x0r2.aem3 : RFCC26XX_singleMode.oem3 (.text:defaultCallback)
                  0000cc94    00000090     driverlib.lib : crypto.obj (.text:NOROM_CRYPTOAesLoadKey)
                  0000cd24    00000090                   : setup.obj (.text:TrimAfterColdResetWakeupFromShutDown$25)
                  0000cdb4    00000090     cc26xx_gatt_pxxx.a : gatt_client.o (.text)
                  0000ce44    00000090     cc26xx_hci_tl_none.a : hci_tl.o (.text)
                  0000ced4    00000090     ble5_simple_peripheral_cc2640r2lp_stack_library.lib : osal_cbtimer.obj (.text:osal_CbTimerProcessEvent)
                  0000cf64    0000008c     icall.obj (.text:ICall_heapMalloc)
                  0000cff0    0000008c     drivers_cc26x0r2.aem3 : UARTCC26XX.oem3 (.text:UARTCC26XX_close)
                  0000d07c    0000008c                           : UARTCC26XX.oem3 (.text:UARTCC26XX_writeCancel)
                  0000d108    0000008c     cc2640_ll_pxxx.a : ll_enc.o (.text)
                  0000d194    0000008c                      : ll_isr.o (.text)
                  0000d220    0000008c     cc26xx_gatt_pxxx.a : gatt_client.o (.text)
                  0000d2ac    0000008c     drivers_cc26x0r2.aem3 : PowerCC26XX.oem3 (.text:disableLFClockQualifiers)
                  0000d338    00000088     cc2640_hci_pxxx.a : hci_event.o (.text)
                  0000d3c0    00000088     cc2640_ll_pxxx.a : ll.o (.text)
                  0000d448    00000088                      : ll_common.o (.text)
                  0000d4d0    00000088     cc26xx_profiles_pxxx.a : gapgattserver.o (.text)
                  0000d558    00000088     peripheral.obj (.text:gapRole_startConnUpdate$16)
                  0000d5e0    00000088     gattservapp_util.obj (.text:gattServApp_SendNotiInd$15)
                  0000d668    00000088     ble5_simple_peripheral_cc2640r2lp_stack_library.lib : osal_snv_wrapper.obj (.text:writeWord$34)
                  0000d6f0    00000086     cc2640_ll_pxxx.a : ll_common.o (.text)
                  0000d776    00000086     cc26xx_gatt_pxxx.a : gatt_client.o (.text)
                  0000d7fc    00000084     simple_peripheral.obj (.text:SimpleBLEPeripheral_doSetPhy)
                  0000d880    00000084     drivers_cc26x0r2.aem3 : PowerCC26XX.oem3 (.text:switchXOSCHFclockFunc)
                  0000d904    00000080     rf_singleMode_cc26x0r2.aem3 : RFCC26XX_singleMode.oem3 (.text:RF_pendCmd)
                  0000d984    00000080     cc2640_ll_pxxx.a : ll.o (.text)
                  0000da04    00000080     cc26xx_gatt_pxxx.a : gatt_client.o (.text)
                  0000da84    0000007e     cc2640_ll_pxxx.a : ll.o (.text)
                  0000db02    0000007e     cc26xx_profiles_pxxx.a : gattservapp.o (.text)
                  0000db80    0000007c     cc2640_ll_pxxx.a : ll_scheduler.o (.text)
                  0000dbfc    0000007c     cc26xx_gap_pxxx.a : gap_linkmgr.o (.text)
                  0000dc78    0000007c     cc26xx_gatt_pxxx.a : gatt_client.o (.text)
                  0000dcf4    0000007c     ble5_simple_peripheral_cc2640r2lp_stack_library.lib : osal.obj (.text:osal_event_send$29)
                  0000dd70    0000007c     rf_singleMode_cc26x0r2.aem3 : RFCC26XX_singleMode.oem3 (.text:swiFxnHw)
                  0000ddec    0000007a     drivers_cc26x0r2.aem3 : CryptoCC26XX.oem3 (.text:CryptoCC26XX_allocateKey)
                  0000de66    0000007a     rtsv7M3_T_le_eabi.lib : memset_t2.obj (.text)
                  0000dee0    00000078     cc2640_ll_pxxx.a : ll_common.o (.text)
                  0000df58    00000078                      : ll_enc.o (.text)
                  0000dfd0    00000078     drivers_cc26x0r2.aem3 : UARTCC26XX.oem3 (.text:writeTxFifoFlush)
                  0000e048    00000076     cc2640_ll_pxxx.a : ll_common.o (.text)
                  0000e0be    00000002     drivers_cc26x0r2.aem3 : PowerCC26XX.oem3 (.text:emptyClockFunc)
                  0000e0c0    00000074     simple_peripheral.obj (.text:SimpleBLEPeripheral_freeAttRsp$1)
                  0000e134    00000074     cc2640_ll_pxxx.a : ll_common.o (.text)
                  0000e1a8    00000074                      : ll_common.o (.text)
                  0000e21c    00000074                      : ll_common.o (.text)
                  0000e290    00000074     cc26xx_gatt_pxxx.a : gatt_client.o (.text)
                  0000e304    00000074     ble5_simple_peripheral_cc2640r2lp_stack_library.lib : gapbondmgr.obj (.text:gapBondMgrBondReq$37)
                  0000e378    00000074     rom_sysbios.aem3 : rom_sysbios.obj (.text:ti_sysbios_family_arm_cc26xx_Timer_start__E)
                  0000e3ec    00000070     icall.obj (.text:ICall_heapGetStats)
                  0000e45c    00000070     icall.obj (.text:ICall_heapInit)
                  0000e4cc    00000070     driverlib.lib : rfc.obj (.text:NOROM_RFCOverrideUpdate)
                  0000e53c    00000070     ble5_simple_peripheral_cc2640r2lp_stack_library.lib : ble_dispatch_lite.obj (.text:ble_dispatch_liteProcess)
                  0000e5ac    00000070     cc2640_ll_pxxx.a : ll_common.o (.text)
                  0000e61c    0000006c     icall.obj (.text:ICall_createRemoteTasks)
                  0000e688    0000006c     icall.obj (.text:ICall_sendServiceComplete)
                  0000e6f4    0000006c     driverlib.lib : osc.obj (.text:NOROM_OSCHF_AttemptToSwitchToXosc)
                  0000e760    0000006c     drivers_cc26x0r2.aem3 : PowerCC26XX_calibrateRCOSC.oem3 (.text:PowerCC26XX_initiateCalibration)
                  0000e7cc    0000006c     cc2640_ll_pxxx.a : ble.o (.text)
                  0000e838    0000006c                      : ll.o (.text)
                  0000e8a4    0000006c                      : ll_common.o (.text)
                  0000e910    0000006c                      : ll_scheduler.o (.text)
                  0000e97c    0000006c     cc26xx_gatt_pxxx.a : gatt_client.o (.text)
                  0000e9e8    0000006c     drivers_cc26x0r2.aem3 : PowerCC26XX.oem3 (.text:configureXOSCHF)
                  0000ea54    00000068     driverlib.lib : sys_ctrl.obj (.text:NOROM_SysCtrl_DCDC_VoltageConditionalControl)
                  0000eabc    00000068     drivers_cc26x0r2.aem3 : UARTCC26XX.oem3 (.text:UARTCC26XX_readCancel)
                  0000eb24    00000068     cc2640_ll_pxxx.a : ll.o (.text)
                  0000eb8c    00000068                      : ll.o (.text)
                  0000ebf4    00000068                      : ll.o (.text)
                  0000ec5c    00000068                      : ll.o (.text)
                  0000ecc4    00000068                      : ll_common.o (.text)
                  0000ed2c    00000068                      : ll_common.o (.text)
                  0000ed94    00000068                      : ll_privacy.o (.text)
                  0000edfc    00000068     rf_singleMode_cc26x0r2.aem3 : RFCC26XX_singleMode.oem3 (.text:decActiveClientCnt)
                  0000ee64    00000068     rtsv7M3_T_le_eabi.lib : copy_decompress_lzss.obj (.text:decompress:lzss)
                  0000eecc    00000068     ble5_simple_peripheral_cc2640r2lp_stack_library.lib : osal_cbtimer.obj (.text:osal_CbTimerUpdate)
                  0000ef34    00000066     cc2640_ll_pxxx.a : ll_common.o (.text)
                  0000ef9a    00000066                      : ll_common.o (.text)
                  0000f000    00000066                      : ll_privacy.o (.text)
                  0000f066    00000066                      : ll_privacy.o (.text)
                  0000f0cc    00000064     icall.obj (.text:ICall_send)
                  0000f130    00000064     cc26xx_profiles_pxxx.a : gattservapp.o (.text)
                  0000f194    00000064     rf_singleMode_cc26x0r2.aem3 : RFCC26XX_singleMode.oem3 (.text:fsmXOSCState)
                  0000f1f8    00000062     cc2640_ll_pxxx.a : ll_common.o (.text)
                  0000f25a    00000062                      : ll_privacy.o (.text)
                  0000f2bc    00000060     icall.obj (.text:ICall_enrollService)
                  0000f31c    00000060     rf_singleMode_cc26x0r2.aem3 : RFCC26XX_singleMode.oem3 (.text:RF_getCurrentTime)
                  0000f37c    00000060     serial_communication.obj (.text:SerialCommunication_taskFxn$22)
                  0000f3dc    00000060     cc2640_ll_pxxx.a : ll_common.o (.text)
                  0000f43c    00000060                      : ll_common.o (.text)
                  0000f49c    0000005e     icall.obj (.text:ICall_fetchMsg)
                  0000f4fa    0000005e     cc2640_ll_pxxx.a : ll_common.o (.text)
                  0000f558    0000005e     cc26xx_gatt_pxxx.a : gatt_client.o (.text)
                  0000f5b6    00000002     ble5_simple_peripheral_cc2640r2lp_stack_library.lib : hal_assert.obj (.text:halAssertHandler)
                  0000f5b8    0000005c     display.aem3 : Display.oem3 (.text:Display_doOpen)
                  0000f614    0000005c     icall.obj (.text:ICall_pwrUpdActivityCounter)
                  0000f670    0000005c     drivers_cc26x0r2.aem3 : PowerCC26XX_calibrateRCOSC.oem3 (.text:PowerCC26XX_RCOSC_clockFunc)
                  0000f6cc    0000005c                           : PowerCC26XX.oem3 (.text:PowerCC26XX_calibrate)
                  0000f728    0000005c     cc26xx_gatt_pxxx.a : gatt_client.o (.text)
                  0000f784    0000005c     cc26xx_profiles_pxxx.a : gattservapp.o (.text)
                  0000f7e0    0000005c     app_ble_pem3.oem3 (.text:xdc_runtime_Startup_getState__I)
                  0000f83c    0000005a     cc2640_hci_pxxx.a : hci.o (.text)
                  0000f896    0000005a     cc2640_ll_pxxx.a : ll_common.o (.text)
                  0000f8f0    00000058     icall.obj (.text:ICall_wait)
                  0000f948    00000058     PINCC26XX.obj (.text:PIN_remove)
                  0000f9a0    00000058     drivers_cc26x0r2.aem3 : UARTCC26XX.oem3 (.text:UARTCC26XX_control)
                  0000f9f8    00000058     cc2640_ll_pxxx.a : ll.o (.text)
                  0000fa50    00000058                      : ll.o (.text)
                  0000faa8    00000058                      : ll_common.o (.text)
                  0000fb00    00000058                      : ll_common.o (.text)
                  0000fb58    00000058                      : ll_enc.o (.text)
                  0000fbb0    00000058     ble5_simple_peripheral_cc2640r2lp_stack_library.lib : osal_snv_wrapper.obj (.text:findItem$34)
                  0000fc08    00000058                                                         : gapbondmgr.obj (.text:gapBondMgrChangeState$37)
                  0000fc60    00000058                                                         : gapbondmgr.obj (.text:gapBondMgrReadBonds$37)
                  0000fcb8    00000058                                                         : osal_cbtimer.obj (.text:osal_CbTimerStop)
                  0000fd10    00000056     cc2640_ll_pxxx.a : ll_common.o (.text)
                  0000fd66    00000002     ble5_simple_peripheral_cc2640r2lp_stack_library.lib : hal_assert.obj (.text:halAssertSpinlock)
                  0000fd68    00000054                                                         : gapbondmgr.obj (.text:GAPBondMgr_LinkTerm)
                  0000fdbc    00000054     cc2640_hci_pxxx.a : hci_event.o (.text)
                  0000fe10    00000054     cc2640_ll_pxxx.a : ll.o (.text)
                  0000fe64    00000054                      : ll_common.o (.text)
                  0000feb8    00000054     cc26xx_gap_pxxx.a : linkdb.o (.text)
                  0000ff0c    00000054     cc26xx_gatt_pxxx.a : gatt_client.o (.text)
                  0000ff60    00000054     cc26xx_profiles_pxxx.a : gattservapp.o (.text)
                  0000ffb4    00000054     rf_singleMode_cc26x0r2.aem3 : RFCC26XX_singleMode.oem3 (.text:hwiFxnHw)
                  00010008    00000054                                 : RFCC26XX_singleMode.oem3 (.text:ratChanFree)
                  0001005c    00000054     rtsv7M3_T_le_eabi.lib : exit.obj (.text)
                  000100b0    00000052     cc2640_ll_pxxx.a : ll_common.o (.text)
                  00010102    00000002     icall_api_lite.obj (.text:rfErrCb)
                  00010104    00000050     ECCROMCC26XX.obj (.text:ECCROMCC26XX_Params_init)
                  00010154    00000050     icall.obj (.text:ICall_registerApp)
                  000101a4    00000050     ble5_simple_peripheral_cc2640r2lp_stack_library.lib : npi.obj (.text:NPI_WriteTransport)
                  000101f4    00000050     rf_singleMode_cc26x0r2.aem3 : RFCC26XX_singleMode.oem3 (.text:RF_getInfo)
                  00010244    00000050     util.obj (.text:Util_convertBdAddr2Str)
                  00010294    00000050     cc2640_ll_pxxx.a : ll.o (.text)
                  000102e4    00000050                      : ll.o (.text)
                  00010334    00000050                      : ll.o (.text)
                  00010384    00000050                      : ll_common.o (.text)
                  000103d4    00000050                      : ll_common.o (.text)
                  00010424    00000050     ble5_simple_peripheral_cc2640r2lp_stack_library.lib : gapbondmgr.obj (.text:gapBondMgrSetStateFlagFromConnhandle$37)
                  00010474    00000050     drivers_cc26x0r2.aem3 : UARTCC26XX.oem3 (.text:startTxFifoEmptyClk)
                  000104c4    0000004e     cc2640_ll_pxxx.a : ll.o (.text)
                  00010512    0000004e                      : ll_common.o (.text)
                  00010560    0000004e                      : ll_privacy.o (.text)
                  000105ae    00000002     app_ble_pem3.oem3 (.text:ti_sysbios_BIOS_nullFunc__I)
                  000105b0    0000004c     icall.obj (.text:ICall_newTask$8)
                  000105fc    0000004c     rf_singleMode_cc26x0r2.aem3 : RFCC26XX_singleMode.oem3 (.text:RF_wakeupNotifyFxn)
                  00010648    0000004c     cc26xx_gap_pxxx.a : gap_perilinkmgr.o (.text)
                  00010694    0000004c     ble5_simple_peripheral_cc2640r2lp_stack_library.lib : gapbondmgr.obj (.text:gapBondMgrUpdateLruBondList$37)
                  000106e0    0000004c                                                         : gapbondmgr.obj (.text:gapBondStateDoGATTDisc$37)
                  0001072c    0000004c                                                         : osal_bufmgr.obj (.text:osal_bm_free)
                  00010778    0000004c     rtsv7M3_T_le_eabi.lib : cpy_tbl.obj (.text)
                  000107c4    0000004c     rf_singleMode_cc26x0r2.aem3 : RFCC26XX_singleMode.oem3 (.text:syncCb)
                  00010810    0000004a     cc26xx_sm_pxxx.a : sm_mgr.o (.text)
                  0001085a    00000002     app_ble_pem3.oem3 (.text:ti_sysbios_rom_cortexm_cc26xx_r2_CC26xx_badRomRevision__E)
                  0001085c    00000048     dpl_cc26x0r2.aem3 : ClockP_tirtos.oem3 (.text:ClockP_construct)
                  000108a4    00000048     ECCROMCC26XX.obj (.text:ECC_initGlobals$5)
                  000108ec    00000048     ble5_simple_peripheral_cc2640r2lp_stack_library.lib : gapbondmgr.obj (.text:GAPBondMgr_ReadGattChar)
                  00010934    00000048     simple_peripheral.obj (.text:SimpleBLEPeripheral_enqueueMsg$1)
                  0001097c    00000048     util.obj (.text:Util_constructClock)
                  000109c4    00000048     cc2640_ll_pxxx.a : ll.o (.text)
                  00010a0c    00000048                      : ll.o (.text)
                  00010a54    00000048     ble5_simple_peripheral_cc2640r2lp_stack_library.lib : osal_timers.obj (.text:osalAddTimer)
                  00010a9c    00000048     rom_sysbios.aem3 : rom_sysbios.obj (.text:ti_sysbios_family_arm_cc26xx_Timer_setThreshold__I)
                  00010ae4    00000046     cc26xx_gatt_pxxx.a : gatt_client.o (.text)
                  00010b2a    00000002     rom_sysbios.aem3 : rom_sysbios.obj (.text:xdc_runtime_SysCallback_defaultAbort)
                  00010b2c    00000044     driverlib.lib : osc.obj (.text:NOROM_OSCHF_SwitchToRcOscTurnOffXosc)
                  00010b70    00000044     PINCC26XX.obj (.text:PIN_setOutputEnable)
                  00010bb4    00000044     PINCC26XX.obj (.text:PIN_swi$7)
                  00010bf8    00000044     drivers_cc26x0r2.aem3 : RingBuf.oem3 (.text:RingBuf_put)
                  00010c3c    00000044     simple_peripheral.obj (.text:SerialCommunication_init$1)
                  00010c80    00000044     boot.aem3 : boot.oem3 (.text)
                  00010cc4    00000044     cc2640_ll_pxxx.a : ll.o (.text)
                  00010d08    00000044                      : ll.o (.text)
                  00010d4c    00000044                      : ll_common.o (.text)
                  00010d90    00000044                      : ll_scheduler.o (.text)
                  00010dd4    00000044     cc26xx_profiles_pxxx.a : gattservapp.o (.text)
                  00010e18    00000044     drivers_cc26x0r2.aem3 : PowerCC26XX.oem3 (.text:notify)
                  00010e5c    00000044     ble5_simple_peripheral_cc2640r2lp_stack_library.lib : osal_timers.obj (.text:osal_start_timerEx)
                  00010ea0    00000042                                                         : gapbondmgr.obj (.text:GAPBondMgr_UpdateCharCfg)
                  00010ee2    00000042                                                         : gap.obj (.text:GAP_DeviceInit)
                  00010f24    00000042     cc2640_ll_pxxx.a : ble.o (.text)
                  00010f66    00000042                      : ll.o (.text)
                  00010fa8    00000042                      : ll_common.o (.text)
                  00010fea    00000042     simple_gatt_profile.obj (.text:simpleProfile_ReadAttrCB$17)
                  0001102c    00000040     ECCROMCC26XX.obj (.text:ECCROMCC26XX_init)
                  0001106c    00000040     peripheral.obj (.text:GAPRole_createTask)
                  000110ac    00000040     dpl_cc26x0r2.aem3 : HwiP_tirtos.oem3 (.text:HwiP_construct)
                  000110ec    00000040     rf_singleMode_cc26x0r2.aem3 : RFCC26XX_singleMode.oem3 (.text:RF_getRssi)
                  0001112c    00000040     drivers_cc26x0r2.aem3 : UART.oem3 (.text:UART_init)
                  0001116c    00000040                           : UART.oem3 (.text:UART_open)
                  000111ac    00000040     cc2640_ll_pxxx.a : ll.o (.text)
                  000111ec    00000040                      : ll.o (.text)
                  0001122c    00000040                      : ll.o (.text)
                  0001126c    00000040                      : ll_common.o (.text)
                  000112ac    00000040                      : ll_isr.o (.text)
                  000112ec    00000040     cc26xx_profiles_pxxx.a : gattservapp.o (.text)
                  0001132c    00000040     ble5_simple_peripheral_cc2640r2lp_stack_library.lib : osal_snv_wrapper.obj (.text:erasePage$34)
                  0001136c    00000040     rom_sysbios.aem3 : rom_sysbios.obj (.text:ti_sysbios_heaps_HeapCallback_Module_startup__E)
                  000113ac    0000003e     drivers_cc26x0r2.aem3 : RingBuf.oem3 (.text:RingBuf_get)
                  000113ea    0000003e     cc2640_ll_pxxx.a : ll_common.o (.text)
                  00011428    0000003e     cc26xx_gatt_pxxx.a : gatt_client.o (.text)
                  00011466    00000002     rom_sysbios.aem3 : rom_sysbios.obj (.text:xdc_runtime_SysCallback_defaultExit)
                  00011468    0000003c     driverlib.lib : osc.obj (.text:NOROM_OSC_HPOSCRelativeFrequencyOffsetGet)
                  000114a4    0000003c                   : rfc.obj (.text:NOROM_RFCSynthPowerDown)
                  000114e0    0000003c     drivers_cc26x0r2.aem3 : PowerCC26XX.oem3 (.text:PowerCC26XX_isStableXOSC_HF)
                  0001151c    0000003c                           : PowerCC26XX.oem3 (.text:PowerCC26XX_switchXOSC_HF)
                  00011558    0000003c     rf_singleMode_cc26x0r2.aem3 : RFCC26XX_singleMode.oem3 (.text:RF_runCmd)
                  00011594    0000003c     serial_communication.obj (.text:SerialCommunication_createTask)
                  000115d0    0000003c     simple_peripheral.obj (.text:SimpleBLEPeripheral_createTask)
                  0001160c    0000003c     dpl_cc26x0r2.aem3 : SwiP_tirtos.oem3 (.text:SwiP_construct)
                  00011648    0000003c     cc2640_ll_pxxx.a : ll_common.o (.text)
                  00011684    0000003c                      : ll_scheduler.o (.text)
                  000116c0    0000003c     cc26xx_profiles_pxxx.a : gattservapp.o (.text)
                  000116fc    0000003c                            : gattservapp.o (.text)
                  00011738    0000003c                            : gattservapp.o (.text)
                  00011774    0000003c     ble5_simple_peripheral_cc2640r2lp_stack_library.lib : osal_bufmgr.obj (.text:osal_bm_alloc)
                  000117b0    0000003c                                                         : osal_timers.obj (.text:osal_start_reload_timer)
                  000117ec    0000003c     rf_singleMode_cc26x0r2.aem3 : RFCC26XX_singleMode.oem3 (.text:postDirImmCmd)
                  00011828    0000003c     rom_sysbios.aem3 : rom_sysbios.obj (.text:ti_sysbios_family_arm_m3_Hwi_construct2__E)
                  00011864    0000003a     cc2640_ll_pxxx.a : ll_common.o (.text)
                  0001189e    0000003a     cc26xx_gatt_pxxx.a : gatt_client.o (.text)
                  000118d8    0000003a     cc26xx_sm_pxxx.a : sm_mgr.o (.text)
                  00011912    00000002     --HOLE-- [fill = 0]
                  00011914    00000038     drivers_cc26x0r2.aem3 : UARTCC26XX.oem3 (.text:UARTCC26XX_swiIntFxn)
                  0001194c    00000038     util.obj (.text:Util_restartClock)
                  00011984    00000038     cc2640_ll_pxxx.a : ble.o (.text)
                  000119bc    00000038                      : ll.o (.text)
                  000119f4    00000038                      : ll_common.o (.text)
                  00011a2c    00000038                      : ll_common.o (.text)
                  00011a64    00000038                      : ll_common.o (.text)
                  00011a9c    00000038                      : ll_common.o (.text)
                  00011ad4    00000038                      : ll_common.o (.text)
                  00011b0c    00000038                      : ll_privacy.o (.text)
                  00011b44    00000038                      : ll_scheduler.o (.text)
                  00011b7c    00000038                      : ll_scheduler.o (.text)
                  00011bb4    00000038     cc26xx_l2cap_pxxx.a : l2cap_util.o (.text)
                  00011bec    00000038     ble5_simple_peripheral_cc2640r2lp_stack_library.lib : osal_snv_wrapper.obj (.text:disableCache$34)
                  00011c24    00000038     rf_singleMode_cc26x0r2.aem3 : RFCC26XX_singleMode.oem3 (.text:dispatchOpWhen)
                  00011c5c    00000038     ble5_simple_peripheral_cc2640r2lp_stack_library.lib : osal.obj (.text:osal_alien2proxy)
                  00011c94    00000038                                                         : osal.obj (.text:osal_msec_timer_cback$29)
                  00011ccc    00000038                                                         : osal_timers.obj (.text:osal_stop_timerEx)
                  00011d04    00000038     two_btn_menu.obj (.text:tbm_goTo)
                  00011d3c    00000038     rom_sysbios.aem3 : rom_sysbios.obj (.text:ti_sysbios_family_arm_cc26xx_Timer_getCurrentTick__E)
                  00011d74    00000036     drivers_cc26x0r2.aem3 : CryptoCC26XX.oem3 (.text:CryptoCC26XX_loadKey)
                  00011daa    00000002     --HOLE-- [fill = 0]
                  00011dac    00000034     gattservapp_util.obj (.text:GATTServApp_InitCharCfg)
                  00011de0    00000034     icall.obj (.text:ICall_heapFree)
                  00011e14    00000034     icall.obj (.text:ICall_searchServiceEntity)
                  00011e48    00000034     PINCC26XX.obj (.text:PIN_setOutputValue)
                  00011e7c    00000034     drivers_cc26x0r2.aem3 : PowerCC26XX.oem3 (.text:Power_releaseConstraint)
                  00011eb0    00000034     rf_singleMode_cc26x0r2.aem3 : RFCC26XX_singleMode.oem3 (.text:Q_push)
                  00011ee4    00000034     cc2640_ll_pxxx.a : ble.o (.text)
                  00011f18    00000034                      : ll.o (.text)
                  00011f4c    00000034                      : ll_common.o (.text)
                  00011f80    00000034                      : ll_scheduler.o (.text)
                  00011fb4    00000034     cc26xx_gatt_pxxx.a : gatt_client.o (.text)
                  00011fe8    00000034     cc26xx_hci_tl_none.a : hci_tl.o (.text)
                  0001201c    00000034     ble5_simple_peripheral_cc2640r2lp_stack_library.lib : osal.obj (.text:osal_clear_event)
                  00012050    00000034     two_btn_menu.obj (.text:tbm_findActiveItem)
                  00012084    00000034     rom_sysbios.aem3 : rom_sysbios.obj (.text:ti_sysbios_family_arm_cc26xx_Timer_initDevice__I)
                  000120b8    00000032     icall.obj (.text:ICall_fetchServiceMsg)
                  000120ea    00000032     rom_sysbios.aem3 : rom_sysbios.obj (.text:ti_sysbios_family_arm_cc26xx_Timer_setNextTick__E)
                  0001211c    00000030     peripheral.obj (.text:GAPRole_TerminateConnection)
                  0001214c    00000030     ble5_simple_peripheral_cc2640r2lp_stack_library.lib : hal_flash_wrapper.obj (.text:HalFlashRead)
                  0001217c    00000030     icall.obj (.text:ICall_dispatch$8)
                  000121ac    00000030     icall.obj (.text:ICall_msecs2Ticks$8)
                  000121dc    00000030     icall.obj (.text:ICall_primEntityId2ServiceId$8)
                  0001220c    00000030     icall.obj (.text:ICall_searchTask$8)
                  0001223c    00000030     drivers_cc26x0r2.aem3 : PowerCC26XX.oem3 (.text:Power_setConstraint)
                  0001226c    00000030     cc2640_ll_pxxx.a : ll.o (.text)
                  0001229c    00000030                      : ll.o (.text)
                  000122cc    00000030     cc26xx_att_pxxx.a : att_client.o (.text)
                  000122fc    00000030     cc26xx_gap_pxxx.a : gap_configmgr.o (.text)
                  0001232c    00000030     cc26xx_profiles_pxxx.a : gattservapp.o (.text)
                  0001235c    00000030     ble5_simple_peripheral_cc2640r2lp_stack_library.lib : gapbondmgr.obj (.text:gapBondMgr_SyncWhiteList$37)
                  0001238c    00000030                                                         : osal_timers.obj (.text:osal_get_timeoutEx)
                  000123bc    00000030     two_btn_menu.obj (.text:tbm_setItemStatus)
                  000123ec    00000030     app_ble_pem3.oem3 (.text:ti_sysbios_BIOS_atExitFunc__I)
                  0001241c    00000030     app_ble_pem3.oem3 (.text:ti_sysbios_BIOS_startFunc__I)
                  0001244c    00000030     app_ble_pem3.oem3 (.text:ti_sysbios_heaps_HeapCallback_Object__create__S)
                  0001247c    0000002e     icall_cc2650.obj (.text:ICallPlatform_pwrDispenseImpl$9)
                  000124aa    0000002e     icall_cc2650.obj (.text:ICallPlatform_pwrRequireImpl$9)
                  000124d8    0000002e     cc2640_ll_pxxx.a : ll.o (.text)
                  00012506    0000002e                      : ll_privacy.o (.text)
                  00012534    0000002e                      : ll_privacy.o (.text)
                  00012562    0000002e     cc26xx_gatt_pxxx.a : gatt_client.o (.text)
                  00012590    0000002e     cc26xx_profiles_pxxx.a : gattservapp.o (.text)
                  000125be    0000002e     ble5_simple_peripheral_cc2640r2lp_stack_library.lib : osal.obj (.text:osal_build_uint32)
                  000125ec    0000002e     drivers_cc26x0r2.aem3 : UARTCC26XX.oem3 (.text:readData)
                  0001261a    0000002e                           : UARTCC26XX.oem3 (.text:writeData)
                  00012648    0000002c     board_key.obj (.text:Board_keyCallback$0)
                  00012674    0000002c     icall.obj (.text:ICall_getLocalMsgEntityId)
                  000126a0    0000002c     icall.obj (.text:ICall_msgEnqueue$8)
                  000126cc    0000002c     driverlib.lib : chipinfo.obj (.text:NOROM_ChipInfo_GetChipFamily)
                  000126f8    0000002c     PINCC26XX.obj (.text:PINCC26XX_setMux)
                  00012724    0000002c     PINCC26XX.obj (.text:PIN_setConfig)
                  00012750    0000002c     dpl_cc26x0r2.aem3 : SemaphoreP_tirtos.oem3 (.text:SemaphoreP_constructBinary)
                  0001277c    0000002c     ble5_simple_peripheral_cc2640r2lp_stack_library.lib : ble_dispatch_lite.obj (.text:bleDispatch_BMAlloc)
                  000127a8    0000002c     cc2640_ll_pxxx.a : ble.o (.text)
                  000127d4    0000002c                      : ll.o (.text)
                  00012800    0000002c     cc26xx_profiles_pxxx.a : gattservapp.o (.text)
                  0001282c    0000002c     cc26xx_sm_pxxx.a : sm_mgr.o (.text)
                  00012858    0000002c                      : sm_pairing.o (.text)
                  00012884    0000002c                      : sm_pairing.o (.text)
                  000128b0    0000002c     ble5_simple_peripheral_cc2640r2lp_stack_library.lib : osal_snv_wrapper.obj (.text:findOffset$34)
                  000128dc    0000002c                                                         : gapbondmgr.obj (.text:gapBondMgrFindAddr$37)
                  00012908    0000002c     rf_singleMode_cc26x0r2.aem3 : RFCC26XX_singleMode.oem3 (.text:getCmd)
                  00012934    0000002c     rom_sysbios.aem3 : rom_sysbios.obj (.text:ti_sysbios_knl_Clock_getTicksUntilInterrupt__E)
                  00012960    0000002a     display.aem3 : Display.oem3 (.text:Display_doPrintf)
                  0001298a    0000002a     cc2640_ll_pxxx.a : ll_common.o (.text)
                  000129b4    0000002a     rom_sysbios.aem3 : rom_sysbios.obj (.text:ti_sysbios_knl_Clock_getTimeout__E)
                  000129de    00000002     --HOLE-- [fill = 0]
                  000129e0    00000028     driverlib.lib : rfc.obj (.text:NOROM_RFCDoorbellSendTo)
                  00012a08    00000028     drivers_cc26x0r2.aem3 : PowerCC26XX.oem3 (.text:Power_registerNotify)
                  00012a30    00000028     driverlib.lib : adi.obj (.text:SafeHapiVoid)
                  00012a58    00000028     TRNGCC26XX.obj (.text:TRNGCC26XX_init)
                  00012a80    00000028     cc2640_ll_pxxx.a : ll.o (.text)
                  00012aa8    00000028                      : ll_privacy.o (.text)
                  00012ad0    00000028     cc26xx_gatt_pxxx.a : gatt_client.o (.text)
                  00012af8    00000028     drivers_cc26x0r2.aem3 : CryptoCC26XX.oem3 (.text:cryptoTransactionPend)
                  00012b20    00000028     ble5_simple_peripheral_cc2640r2lp_stack_library.lib : gapbondmgr.obj (.text:gapBondMgrBondTotal$37)
                  00012b48    00000028                                                         : osal_bufmgr.obj (.text:osal_bm_adjust_header)
                  00012b70    00000028                                                         : osal_timers.obj (.text:osal_next_timeout)
                  00012b98    00000028                                                         : osal_snv_wrapper.obj (.text:osal_snv_compact)
                  00012bc0    00000028     drivers_cc26x0r2.aem3 : UARTCC26XX.oem3 (.text:readData2RingBuf)
                  00012be8    00000026     cc2640_ll_pxxx.a : ble.o (.text)
                  00012c0e    00000026     ble5_simple_peripheral_cc2640r2lp_stack_library.lib : gapbondmgr.obj (.text:gapBondMgrGetStateFlags$37)
                  00012c34    00000024     drivers_cc26x0r2.aem3 : CryptoCC26XX.oem3 (.text:CryptoCC26XX_hwiIntFxn)
                  00012c58    00000024     driverlib.lib : osc.obj (.text:NOROM_OSCHF_TurnOnXosc)
                  00012c7c    00000024                   : rfc.obj (.text:NOROM_RFCRfTrimRead)
                  00012ca0    00000024     ble5_simple_peripheral_cc2640r2lp_stack_library.lib : osal_bufmgr.obj (.text:bm_desc_from_payload$30)
                  00012cc4    00000024     cc2640_ll_pxxx.a : ll.o (.text)
                  00012ce8    00000024     cc26xx_att_pxxx.a : att_client.o (.text)
                  00012d0c    00000024                       : att_client.o (.text)
                  00012d30    00000024                       : att_client.o (.text)
                  00012d54    00000024     cc26xx_profiles_pxxx.a : gapgattserver.o (.text)
                  00012d78    00000024     rf_singleMode_cc26x0r2.aem3 : RFCC26XX_singleMode.oem3 (.text:hwiFxnCpe0PowerFsm)
[...]
20002178  deviceFeatureSet                                                          
200021b0  timerHead                                                                 
200021b4  osal_last_timestamp                                                       
200021bc  llTaskList                                                                
200021c8  PowerCC26XX_taskKey                                                       
200021cc  PowerCC26XX_swiKey                                                        
200021e0  linkCmd                                                                   
200021e4  linkParam                                                                 
200021e8  scanInfo                                                                  
200021ec  dtmInfo                                                                   
200021f4  clientInfoTbl                                                             
200021f8  ClockP_tickPeriod                                                         
200021fc  tasksEvents                                                               
20002200  trngCC26XXObjects                                                         
20002204  connInitialMaxTxTimeUncoded                                               
20002206  connInitialMaxTxTimeCoded                                                 
2000220c  defaultPhy                                                                
2000220d  scanReqRpt                                                                
2000220e  hciTestTaskID                                                             
2000220f  hciGapTaskID                                                              
20002210  hciL2capTaskID                                                            
20002211  hciSmpTaskID                                                              
20002212  hciTaskID                                                                 
20002213  driverlib_release_0_48919                                                 
20002214  g_hwiInt                                                                  
20002215  icall_liteTaskId                                                          
20002216  heapStart                                                                 
20004000  __stack                                                                   
20004000  heapEnd                                                                   
20004400  __STACK_END                                                               
20004400  __STACK_TOP                                                               
200044f8  RAM_BASE_ADDR                                                             
20004504  ROM_FlashJT                                                               
20004508  gapParameters                                                             
20004558  gapPeripheralCBs                                                          
20004564  gapPeripheralConnCBs                                                      
20004584  smResponderCBs                                                            
2000459c  slaveConnHandle                                                           
2000459e  nextHandle                                                                
200045a0  l2capMtuSize                                                              
200045a2  gapAppTaskID                                                              
200045a3  gapAdvAppTaskID                                                           
200045a4  gapUnwantedTaskID                                                         
200045a5  reqTaskId                                                                 
200045a6  gattAppTaskID                                                             
200045a7  appTaskID                                                                 
200045a8  flowCtrlTaskId                                                            
200045a9  SM_appTaskID                                                              
200046ec  scanDataEntry                                                             
200047cc  wlTable                                                                   
200048a8  wlTableScan                                                               
20004988  rfObject                                                                  
20004a20  advCmd                                                                    
20004a68  localEccKeys                                                              
20004aac  initDataEntry                                                             
20004b1c  l2capFixedChannels                                                        
20004b4c  linkCBs                                                                   
20004b7c  eccParams                                                                 
20004bac  initParam                                                                 
20004bd0  scanParam                                                                 
20004bf4  advParam                                                                  
20004c14  cryptoPRAND                                                               
20004c34  txModemTestCmd                                                            
20004c50  gapParams                                                                 
20004c6c  initCmd                                                                   
20004c84  connReqData                                                               
20004c9c  scanCmd                                                                   
20004cb4  scanOutput                                                                
20004ce4  rxModemTestCmd                                                            
20004cfc  rsp                                                                       
20004d14  fwParDtmCmd                                                               
20004d44  fwParRfCmd                                                                
20004d5c  connOutput                                                                
20004d70  rxTestParam                                                               
20004d84  initDataQueue                                                             
20004d94  scanDataQueue                                                             
20004da4  advDataQueue                                                              
20004db4  advOutput                                                                 
20004dc4  txTestParam                                                               
20004dd4  initOutput                                                                
20004de0  rxTestOut                                                                 
20004df8  cachedTRNGdata                                                            
20004e04  gapCurrentRandomAddr                                                      
20004e0c  slaveUpdateReq                                                            
20004e14  pBleEvtMask                                                               
20004e1c  pHciEvtMask                                                               
20004e24  pHciEvtMask2                                                              
20004e2c  ownPublicAddr                                                             
20004e34  ownRandomAddr                                                             
20004e3c  ownSavedPublicAddr                                                        
20004e44  fwImmedCmd                                                                
20004e4c  attServerNotifyTxCB                                                       
20004e50  rfEvent                                                                   
20004e58  fwParCmd                                                                  
20004e60  verInfo                                                                   
20004e68  llConns                                                                   
20004e70  fwParamImmedCmd                                                           
20004e78  privInfo                                                                  
20004e88  rxDataQ                                                                   
20004e8c  txDataQ                                                                   
20004e90  rxRingBuf                                                                 
20004e94  txTestOut                                                                 
20004e98  pGapDiscReq                                                               
20004e9c  pGapAdvertState                                                           
20004ea0  pEstLink                                                                  
20004ea4  pAuthLink                                                                 
20004ea8  pfnCentralConnCBs                                                         
20004eac  pfnPeripheralConnCBs                                                      
20004eb0  pGapAdvTokens                                                             
20004eb4  pGapAdData                                                                
20004eb8  pGapScanRspData                                                           
20004ebc  pfnPeripheralCBs                                                          
20004ec0  pfnCentralCBs                                                             
20004ec4  pfnBondMgrCBs                                                             
20004ec8  serverInfoTbl                                                             
20004ecc  pServiceList                                                              
20004ed0  pfnServerProcessMsgCB                                                     
20004ed4  pfnClientProcessMsgCB                                                     
20004ed8  prepareWritesTbl                                                          
20004edc  serviceCBsList                                                            
20004ee0  pAttrValue                                                                
20004ee4  l2capChannels                                                             
20004ee8  linkDB                                                                    
20004eec  rfHandle                                                                  
20004ef0  rfDrvTblPtr                                                               
20004ef4  eccDrvTblPtr                                                              
20004ef8  cryptoDrvTblPtr                                                           
20004efc  trngDrvTblPtr                                                             
20004f00  activeConns                                                               
20004f04  SysBootMsg                                                                
20004f08  sclkSrc                                                                   
20004f0c  buildInfo                                                                 
20004f10  advInfo                                                                   
20004f18  initInfo                                                                  
20004f20  taskEndAction                                                             
20004f24  encParams                                                                 
20004f28  encHandle                                                                 
20004f2c  encKey                                                                    
20004f30  pPairingParams                                                            
20004f34  pfnResponderCBs                                                           
20004f38  pfnInitiatorCBs                                                           
20004f3c  gapLimitedAdvertisingTimeout                                              
20004f3e  attrLen                                                                   
20004f40  numHostBufs                                                               
20004f42  rfCmdHandle                                                               
20004f44  connInitialMaxTxOctets                                                    
20004f46  connInitialMaxTxTime                                                      
20004f48  supportedMaxTxOctets                                                      
20004f4a  supportedMaxTxTime                                                        
20004f4c  supportedMaxRxOctets                                                      
20004f4e  supportedMaxRxTime                                                        
20004f50  taskEndStatus                                                             
20004f52  postRfOperations                                                          
20004f54  rfCfgAdiVal                                                               
20004f58  gapProfileRole                                                            
20004f59  gapDeviceAddrMode                                                         
20004f5a  gapState                                                                  
20004f5b  terminateAllTaskID                                                        
20004f5c  terminateReason                                                           
20004f5d  gapTaskID                                                                 
20004f5e  gattNumConns                                                              
20004f5f  gattTaskID                                                                
20004f60  GATTServApp_TaskID                                                        
20004f61  maxNumPrepareWrites                                                       
20004f62  hciPTMenabled                                                             
20004f63  ctrlToHostEnable                                                          
20004f64  l2capFlowCtrlMode                                                         
20004f65  l2capTaskID                                                               
20004f66  l2capNumChannels                                                          
20004f67  l2capNumDataPkts                                                          
20004f68  l2capId                                                                   
20004f69  linkDBNumConns                                                            
20004f6a  linkDB_secureConnectionOnlyMode                                           
20004f6b  maxPduSize                                                                
20004f6c  rfFeModeBias                                                              
20004f6d  maxNumTxDataBufs                                                          
20004f6e  LL_TaskID                                                                 
20004f6f  llState                                                                   
20004f70  rssiCorrection                                                            
20004f71  curTxPowerVal                                                             
20004f72  maxTxPwrForDTM                                                            
20004f73  onePktPerEvt                                                              
20004f74  numComplPkts                                                              
20004f75  numComplPktsLimit                                                         
20004f76  numComplPktsFlush                                                         
20004f77  fastTxRespTime                                                            
20004f78  slOverride                                                                
20004f79  rxFifoFlowCtrl                                                            
20004f7a  numTxDataBufs                                                             
20004f7b  maxNumConns                                                               
20004f7c  smTaskID                                                                  
20004f7d  SM_appExpectingKey                                                        
20004f80  ECC_DATA$$Base                                                            
20004f80  eccRom_param_Gx                                                           
20004f84  eccRom_param_Gy                                                           
20004f88  eccRom_workzone                                                           
20004f8c  eccRom_param_p                                                            
20004f90  eccRom_param_r                                                            
20004f94  eccRom_param_a                                                            
20004f98  eccRom_param_b                                                            
20004f9c  eccRom_windowSize                                                         
20004fa0  aux64                                                                     
20004fa8  MOD                                                                       
20004fac  LEN                                                                       
20004fb0  inScalar                                                                  
20004fb4  inPointX                                                                  
20004fb8  inPointY                                                                  
20004fbc  outPointX                                                                 
20004fc0  outPointY                                                                 
20004fc4  SCAL                                                                      
20004fc8  EXPX                                                                      
20004fcc  EXPY                                                                      
20004fd0  EXPZ                                                                      
20004fd4  EXPW                                                                      
20004fd8  ACCX                                                                      
20004fdc  ACCY                                                                      
20004fe0  ACCZ                                                                      
20004fe4  TMP1                                                                      
20004fe8  TMP2                                                                      
20004fec  TMP3                                                                      
20004ff0  TMP4                                                                      
20004ff4  TMP5                                                                      
20004ff8  TMP6                                                                      
20004ffc  MSBMOD                                                                    
20005000  ECC_DATA$$Limit                                                           
20005000  __UNUSED_SRAM_end__                                                       
e000e000  ti_sysbios_family_arm_m3_Hwi_nvic                                         
ffffffff  __TI_pprof_out_hndl                                                       
ffffffff  __TI_prof_data_size                                                       
ffffffff  __TI_prof_data_start                                                      
ffffffff  __binit__                                                                 
ffffffff  __c_args__                                                                
ffffffff  binit                                                                     
UNDEFED   SHT$$INIT_ARRAY$$Base                                                     
UNDEFED   SHT$$INIT_ARRAY$$Limit                                                    

[2283 symbols]
