******************************************************************************
                  TI ARM Linker PC v16.9.6                     
******************************************************************************
>> Linked Thu Jun 28 02:57:56 2018

OUTPUT FILE NAME:   <hid_emu_kbd_cc2640r2lp_app.out>
ENTRY POINT SYMBOL: "ResetISR"  address: 0000ceb5


MEMORY CONFIGURATION

         name            origin    length      used     unused   attr    fill
----------------------  --------  ---------  --------  --------  ----  --------
  FLASH                 00000000   0001f000  0001227a  0000cd86  R  X
  FLASH_LAST_PAGE       0001f000   00001000  00000058  00000fa8  R  X
  SRAM                  20000000   00004400  0000239f  00002061  RW X


SEGMENT ALLOCATION MAP

run origin  load origin   length   init length attrs members
----------  ----------- ---------- ----------- ----- -------
00000000    00000000    00011284   00011284    r-x
  00000000    00000000    0000003c   0000003c    r-- .resetVecs
  0000003c    0000003c    00000fc4   00000fc4    r-x .text.1
  00001000    00001000    00000028   00000028    r-- .const:ti_sysbios_heaps_HeapMem_Module__FXNS__C
  00001028    00001028    00000024   00000024    r-- .const:ti_sysbios_gates_GateHwi_Module__FXNS__C
  0000104c    0000104c    00000024   00000024    r-- .const:ti_sysbios_gates_GateMutex_Module__FXNS__C
  00001070    00001070    00000020   00000020    r-- .const:ti_sysbios_family_arm_m3_Hwi_Object__DESC__C
  00001090    00001090    00000020   00000020    r-- .const:ti_sysbios_gates_GateHwi_Object__DESC__C
  000010b0    000010b0    00000020   00000020    r-- .const:ti_sysbios_gates_GateMutex_Object__DESC__C
  000010d0    000010d0    00000020   00000020    r-- .const:ti_sysbios_hal_Hwi_Object__DESC__C
  000010f0    000010f0    00000020   00000020    r-- .const:ti_sysbios_heaps_HeapMem_Object__DESC__C
  00001110    00001110    00000020   00000020    r-- .const:ti_sysbios_knl_Clock_Object__DESC__C
  00001130    00001130    00000020   00000020    r-- .const:ti_sysbios_knl_Event_Object__DESC__C
  00001150    00001150    00000020   00000020    r-- .const:ti_sysbios_knl_Mailbox_Object__DESC__C
  00001170    00001170    00000020   00000020    r-- .const:ti_sysbios_knl_Queue_Object__DESC__C
  00001190    00001190    00000020   00000020    r-- .const:ti_sysbios_knl_Semaphore_Object__DESC__C
  000011b0    000011b0    00000020   00000020    r-- .const:ti_sysbios_knl_Swi_Object__DESC__C
  000011d0    000011d0    00000020   00000020    r-- .const:ti_sysbios_knl_Task_Object__DESC__C
  000011f0    000011f0    00000008   00000008    r-- .const:ti_sysbios_knl_Idle_funcList__C
  000011f8    000011f8    00000004   00000004    r-- .const:ti_sysbios_family_arm_cc26xx_Timer_startupNeeded__C
  000011fc    000011fc    00000004   00000004    r-- .const:ti_sysbios_family_arm_m3_Hwi_E_alreadyDefined__C
  00001200    00001200    00000004   00000004    r-- .const:ti_sysbios_family_arm_m3_Hwi_E_hwiLimitExceeded__C
  00001204    00001204    00000004   00000004    r-- .const:ti_sysbios_family_arm_m3_Hwi_NUM_INTERRUPTS__C
  00001208    00001208    00000004   00000004    r-- .const:ti_sysbios_family_arm_m3_Hwi_Object__count__C
  0000120c    0000120c    00000004   00000004    r-- .const:ti_sysbios_family_arm_m3_Hwi_Object__table__C
  00001210    00001210    00000004   00000004    r-- .const:ti_sysbios_family_arm_m3_Hwi_ccr__C
  00001214    00001214    00000004   00000004    r-- .const:ti_sysbios_family_arm_m3_Hwi_excHandlerFunc__C
  00001218    00001218    00000004   00000004    r-- .const:ti_sysbios_family_arm_m3_Hwi_nullIsrFunc__C
  0000121c    0000121c    00000004   00000004    r-- .const:ti_sysbios_family_arm_m3_Hwi_numSparseInterrupts__C
  00001220    00001220    00000004   00000004    r-- .const:ti_sysbios_family_arm_m3_Hwi_priGroup__C
  00001224    00001224    00000004   00000004    r-- .const:ti_sysbios_family_arm_m3_TaskSupport_stackAlignment__C
  00001228    00001228    00000004   00000004    r-- .const:ti_sysbios_heaps_HeapMem_E_memory__C
  0000122c    0000122c    00000004   00000004    r-- .const:ti_sysbios_heaps_HeapMem_Module__gateObj__C
  00001230    00001230    00000004   00000004    r-- .const:ti_sysbios_heaps_HeapMem_Object__count__C
  00001234    00001234    00000004   00000004    r-- .const:ti_sysbios_heaps_HeapMem_Object__table__C
  00001238    00001238    00000004   00000004    r-- .const:ti_sysbios_heaps_HeapMem_reqAlign__C
  0000123c    0000123c    00000004   00000004    r-- .const:ti_sysbios_knl_Clock_triggerClock__C
  00001240    00001240    00000004   00000004    r-- .const:ti_sysbios_knl_Mailbox_Object__count__C
  00001244    00001244    00000004   00000004    r-- .const:ti_sysbios_knl_Mailbox_Object__table__C
  00001248    00001248    00000004   00000004    r-- .const:ti_sysbios_knl_Mailbox_maxTypeAlign__C
  0000124c    0000124c    00000004   00000004    r-- .const:ti_sysbios_knl_Queue_Object__count__C
  00001250    00001250    00000004   00000004    r-- .const:ti_sysbios_knl_Queue_Object__table__C
  00001254    00001254    00000004   00000004    r-- .const:ti_sysbios_knl_Semaphore_eventPost__C
  00001258    00001258    00000004   00000004    r-- .const:ti_sysbios_knl_Semaphore_eventSync__C
  0000125c    0000125c    00000004   00000004    r-- .const:ti_sysbios_knl_Swi_Object__count__C
  00001260    00001260    00000004   00000004    r-- .const:ti_sysbios_knl_Swi_Object__table__C
  00001264    00001264    00000004   00000004    r-- .const:ti_sysbios_knl_Swi_numPriorities__C
  00001268    00001268    00000004   00000004    r-- .const:ti_sysbios_knl_Task_Object__count__C
  0000126c    0000126c    00000004   00000004    r-- .const:ti_sysbios_knl_Task_Object__table__C
  00001270    00001270    00000004   00000004    r-- .const:ti_sysbios_knl_Task_allBlockedFunc__C
  00001274    00001274    00000004   00000004    r-- .const:ti_sysbios_knl_Task_defaultStackHeap__C
  00001278    00001278    00000004   00000004    r-- .const:ti_sysbios_knl_Task_defaultStackSize__C
  0000127c    0000127c    00000004   00000004    r-- .const:ti_sysbios_knl_Task_numConstructedTasks__C
  00001280    00001280    00000002   00000002    r-- .const:ti_sysbios_family_arm_cc26xx_Timer_Module__id__C
  00001282    00001282    00000002   00000002    r-- .const:ti_sysbios_family_arm_cc26xx_TimestampProvider_useClockTimer__C
  00001284    00001284    00000002   00000002    r-- .const:ti_sysbios_family_arm_m3_Hwi_Module__id__C
  00001286    00001286    00000002   00000002    r-- .const:ti_sysbios_gates_GateHwi_Module__id__C
  00001288    00001288    00000002   00000002    r-- .const:ti_sysbios_gates_GateMutex_Module__id__C
  0000128a    0000128a    00000002   00000002    r-- .const:ti_sysbios_heaps_HeapMem_Module__id__C
  0000128c    0000128c    00000002   00000002    r-- .const:ti_sysbios_knl_Task_initStackFlag__C
  0000128e    0000128e    00000001   00000001    r-- .const:ti_sysbios_knl_Clock_tickMode__C
  00001290    00001290    00000008   00000008    r-- .const:xdc_runtime_Startup_firstFxns__C
  00001298    00001298    00000008   00000008    r-- .const:xdc_runtime_Startup_lastFxns__C
  000012a0    000012a0    00000004   00000004    r-- .const:xdc_runtime_Assert_E_assertFailed__C
  000012a4    000012a4    00000004   00000004    r-- .const:xdc_runtime_Error_E_memory__C
  000012a8    000012a8    00000004   00000004    r-- .const:xdc_runtime_Error_policyFxn__C
  000012ac    000012ac    00000004   00000004    r-- .const:xdc_runtime_Error_raiseHook__C
  000012b0    000012b0    00000004   00000004    r-- .const:xdc_runtime_IGateProvider_Interface__BASE__C
  000012b4    000012b4    00000004   00000004    r-- .const:xdc_runtime_IHeap_Interface__BASE__C
  000012b8    000012b8    00000004   00000004    r-- .const:xdc_runtime_IModule_Interface__BASE__C
  000012bc    000012bc    00000004   00000004    r-- .const:xdc_runtime_Memory_defaultHeapInstance__C
  000012c0    000012c0    00000004   00000004    r-- .const:xdc_runtime_Startup_execImpl__C
  000012c4    000012c4    00000004   00000004    r-- .const:xdc_runtime_Startup_maxPasses__C
  000012c8    000012c8    00000004   00000004    r-- .const:xdc_runtime_Startup_sfxnRts__C
  000012cc    000012cc    00000004   00000004    r-- .const:xdc_runtime_Startup_sfxnTab__C
  000012d0    000012d0    00000004   00000004    r-- .const:xdc_runtime_Startup_startModsFxn__C
  000012d4    000012d4    00000004   00000004    r-- .const:xdc_runtime_SysCallback_abortFxn__C
  000012d8    000012d8    00000004   00000004    r-- .const:xdc_runtime_SysCallback_exitFxn__C
  000012dc    000012dc    00000004   00000004    r-- .const:xdc_runtime_System_abortFxn__C
  000012e0    000012e0    00000004   00000004    r-- .const:xdc_runtime_System_exitFxn__C
  000012e4    000012e4    00000004   00000004    r-- .const:xdc_runtime_System_maxAtexitHandlers__C
  000012e8    000012e8    00000004   00000004    r-- .const:xdc_runtime_Text_charTab__C
  000012ec    000012ec    00000004   00000004    r-- .const:xdc_runtime_Text_nameEmpty__C
  000012f0    000012f0    00000004   00000004    r-- .const:xdc_runtime_Text_nameStatic__C
  000012f4    000012f4    00000004   00000004    r-- .const:xdc_runtime_Text_nameUnknown__C
  000012f8    000012f8    00000002   00000002    r-- .const:xdc_runtime_Error_maxDepth__C
  000012fa    000012fa    00000002   00000002    r-- .const:xdc_runtime_Memory_Module__id__C
  000012fc    000012fc    00000002   00000002    r-- .const:xdc_runtime_Text_charCnt__C
  000012fe    000012fe    00000002   00000002    r-- .const:xdc_runtime_Text_isLoaded__C
  00001300    00001300    00000001   00000001    r-- .const:xdc_runtime_Error_policy__C
  00001304    00001304    00000004   00000004    r-- .const:ti_sysbios_rom_ROM_ti_sysbios_family_arm_cc26xx_Timer_getCount64__E
  00001308    00001308    00000004   00000004    r-- .const:ti_sysbios_rom_ROM_ti_sysbios_family_arm_cc26xx_Timer_getCurrentTick__E
  0000130c    0000130c    00000004   00000004    r-- .const:ti_sysbios_rom_ROM_ti_sysbios_family_arm_cc26xx_Timer_getMaxTicks__E
  00001310    00001310    00000004   00000004    r-- .const:ti_sysbios_rom_ROM_ti_sysbios_family_arm_cc26xx_Timer_initDevice__I
  00001314    00001314    00000004   00000004    r-- .const:ti_sysbios_rom_ROM_ti_sysbios_family_arm_cc26xx_Timer_setNextTick__E
  00001318    00001318    00000004   00000004    r-- .const:ti_sysbios_rom_ROM_ti_sysbios_family_arm_cc26xx_Timer_setThreshold__I
  0000131c    0000131c    00000004   00000004    r-- .const:ti_sysbios_rom_ROM_ti_sysbios_family_arm_cc26xx_Timer_start__E
  00001320    00001320    00000004   00000004    r-- .const:ti_sysbios_rom_ROM_ti_sysbios_family_arm_cc26xx_TimestampProvider_get32__E
  00001324    00001324    00000004   00000004    r-- .const:ti_sysbios_rom_ROM_xdc_runtime_Startup_getState__I
  00001328    00001328    00000004   00000004    r-- .const:ti_sysbios_rom_ROM_xdc_runtime_System_SupportProxy_abort__E
  0000132c    0000132c    00000004   00000004    r-- .const:ti_sysbios_rom_ROM_xdc_runtime_System_SupportProxy_exit__E
  00001330    00001330    0000ead4   0000ead4    r-x .text.2
  0000fe04    0000fe04    00000e9e   00000e9e    r-- .const
  00010ca4    00010ca4    00000090   00000090    r-- .rodata
  00010d38    00010d38    0000054c   0000054c    r-- .cinit
0001e000    0001e000    00001000   00001000    r--
  0001e000    0001e000    00001000   00001000    r-- .snvSectors
0001ffa8    0001ffa8    00000058   00000058    r--
  0001ffa8    0001ffa8    00000058   00000058    r-- .ccfg
20000100    20000100    00001ed9   00000000    rw-
  20000100    20000100    00000044   00000000    rw- .data:ti_sysbios_knl_Task_Module__state__V
  20000144    20000144    00000034   00000000    rw- .data:ti_sysbios_family_arm_m3_Hwi_Module__state__V
  20000178    20000178    0000002c   00000000    rw- .data:ti_sysbios_knl_Clock_Module__state__V
  200001a4    200001a4    00000024   00000000    rw- .data:ti_sysbios_BIOS_Module__state__V
  200001c8    200001c8    0000001c   00000000    rw- .data:ti_sysbios_knl_Swi_Module__state__V
  200001e4    200001e4    00000008   00000000    rw- .data:ti_sysbios_family_arm_cc26xx_Timer_Module__state__V
  200001ec    200001ec    00000004   00000000    rw- .data:ti_sysbios_family_arm_cc26xx_TimestampProvider_Module__state__V
  200001f0    200001f0    00000008   00000000    rw- .data:xdc_runtime_Startup_Module__state__V
  200001f8    200001f8    00000008   00000000    rw- .data:xdc_runtime_System_Module__state__V
  20000200    20000200    00000004   00000000    rw- .data:xdc_runtime_Memory_Module__state__V
  20000204    20000204    00000002   00000000    rw- .data:xdc_runtime_Error_Module__state__V
  20000208    20000208    00000d67   00000000    rw- .data
  20000f70    20000f70    00001069   00000000    rw- .bss
20004000    20004000    00000400   00000000    rw-
  20004000    20004000    00000400   00000000    rw- .stack


SECTION ALLOCATION MAP

 output                                  attributes/
section   page    origin      length       input sections
--------  ----  ----------  ----------   ----------------
.resetVecs 
*          0    00000000    0000003c     
                  00000000    0000003c     app_ble_pem3.oem3 (.resetVecs)

.text.1    0    0000003c    00000fc4     
                  0000003c    000005c0     cc2640_ll_pxxx_ext_scan_ext_adv.a : ll.o (.text)
                  000005fc    00000008     ble_r2.symbols (.tramp.LL_ENC_GenerateTrueRandNum.1)
                  00000604    00000008     ble_r2.symbols (.tramp.LL_PRIV_GenerateRSA.1)
                  0000060c    00000008     ble_r2.symbols (.tramp.LL_ENC_Init.1)
                  00000614    00000578     peripheral.obj (.text:GAPRole_SetParameter)
                  00000b8c    0000035c     RFCC26XX_singleMode.obj (.text:fsmActiveState)
                  00000ee8    00000008     (.tramp.ti_sysbios_family_arm_m3_Hwi_restoreFxn__E.1)
                  00000ef0    00000108     hid_emu_kbd_cc2640r2lp_stack_library.lib : osal_snv_wrapper.obj (.text:NVOCOP_writeItem)
                  00000ff8    00000008     drivers_cc26x0r2.aem3 : CryptoCC26XX.oem3 (.text:CryptoCC26XX_Params_init)

.const:ti_sysbios_heaps_HeapMem_Module__FXNS__C 
*          0    00001000    00000028     
                  00001000    00000028     app_ble_pem3.oem3 (.const:ti_sysbios_heaps_HeapMem_Module__FXNS__C)

.const:ti_sysbios_gates_GateHwi_Module__FXNS__C 
*          0    00001028    00000024     
                  00001028    00000024     app_ble_pem3.oem3 (.const:ti_sysbios_gates_GateHwi_Module__FXNS__C)

.const:ti_sysbios_gates_GateMutex_Module__FXNS__C 
*          0    0000104c    00000024     
                  0000104c    00000024     app_ble_pem3.oem3 (.const:ti_sysbios_gates_GateMutex_Module__FXNS__C)

.const:ti_sysbios_family_arm_m3_Hwi_Object__DESC__C 
*          0    00001070    00000020     
                  00001070    00000020     app_ble_pem3.oem3 (.const:ti_sysbios_family_arm_m3_Hwi_Object__DESC__C)

.const:ti_sysbios_gates_GateHwi_Object__DESC__C 
*          0    00001090    00000020     
                  00001090    00000020     app_ble_pem3.oem3 (.const:ti_sysbios_gates_GateHwi_Object__DESC__C)

.const:ti_sysbios_gates_GateMutex_Object__DESC__C 
*          0    000010b0    00000020     
                  000010b0    00000020     app_ble_pem3.oem3 (.const:ti_sysbios_gates_GateMutex_Object__DESC__C)

.const:ti_sysbios_hal_Hwi_Object__DESC__C 
*          0    000010d0    00000020     
                  000010d0    00000020     app_ble_pem3.oem3 (.const:ti_sysbios_hal_Hwi_Object__DESC__C)

.const:ti_sysbios_heaps_HeapMem_Object__DESC__C 
*          0    000010f0    00000020     
                  000010f0    00000020     app_ble_pem3.oem3 (.const:ti_sysbios_heaps_HeapMem_Object__DESC__C)

.const:ti_sysbios_knl_Clock_Object__DESC__C 
*          0    00001110    00000020     
                  00001110    00000020     app_ble_pem3.oem3 (.const:ti_sysbios_knl_Clock_Object__DESC__C)

.const:ti_sysbios_knl_Event_Object__DESC__C 
*          0    00001130    00000020     
                  00001130    00000020     app_ble_pem3.oem3 (.const:ti_sysbios_knl_Event_Object__DESC__C)

.const:ti_sysbios_knl_Mailbox_Object__DESC__C 
*          0    00001150    00000020     
                  00001150    00000020     app_ble_pem3.oem3 (.const:ti_sysbios_knl_Mailbox_Object__DESC__C)

.const:ti_sysbios_knl_Queue_Object__DESC__C 
*          0    00001170    00000020     
                  00001170    00000020     app_ble_pem3.oem3 (.const:ti_sysbios_knl_Queue_Object__DESC__C)

.const:ti_sysbios_knl_Semaphore_Object__DESC__C 
*          0    00001190    00000020     
                  00001190    00000020     app_ble_pem3.oem3 (.const:ti_sysbios_knl_Semaphore_Object__DESC__C)

.const:ti_sysbios_knl_Swi_Object__DESC__C 
*          0    000011b0    00000020     
                  000011b0    00000020     app_ble_pem3.oem3 (.const:ti_sysbios_knl_Swi_Object__DESC__C)

.const:ti_sysbios_knl_Task_Object__DESC__C 
*          0    000011d0    00000020     
                  000011d0    00000020     app_ble_pem3.oem3 (.const:ti_sysbios_knl_Task_Object__DESC__C)

.const:ti_sysbios_knl_Idle_funcList__C 
*          0    000011f0    00000008     
                  000011f0    00000008     app_ble_pem3.oem3 (.const:ti_sysbios_knl_Idle_funcList__C)

.const:ti_sysbios_family_arm_cc26xx_Timer_startupNeeded__C 
*          0    000011f8    00000004     
                  000011f8    00000004     app_ble_pem3.oem3 (.const:ti_sysbios_family_arm_cc26xx_Timer_startupNeeded__C)

.const:ti_sysbios_family_arm_m3_Hwi_E_alreadyDefined__C 
*          0    000011fc    00000004     
                  000011fc    00000004     app_ble_pem3.oem3 (.const:ti_sysbios_family_arm_m3_Hwi_E_alreadyDefined__C)

.const:ti_sysbios_family_arm_m3_Hwi_E_hwiLimitExceeded__C 
*          0    00001200    00000004     
                  00001200    00000004     app_ble_pem3.oem3 (.const:ti_sysbios_family_arm_m3_Hwi_E_hwiLimitExceeded__C)

.const:ti_sysbios_family_arm_m3_Hwi_NUM_INTERRUPTS__C 
*          0    00001204    00000004     
                  00001204    00000004     app_ble_pem3.oem3 (.const:ti_sysbios_family_arm_m3_Hwi_NUM_INTERRUPTS__C)

.const:ti_sysbios_family_arm_m3_Hwi_Object__count__C 
*          0    00001208    00000004     
                  00001208    00000004     app_ble_pem3.oem3 (.const:ti_sysbios_family_arm_m3_Hwi_Object__count__C)

.const:ti_sysbios_family_arm_m3_Hwi_Object__table__C 
*          0    0000120c    00000004     
                  0000120c    00000004     app_ble_pem3.oem3 (.const:ti_sysbios_family_arm_m3_Hwi_Object__table__C)

.const:ti_sysbios_family_arm_m3_Hwi_ccr__C 
*          0    00001210    00000004     
                  00001210    00000004     app_ble_pem3.oem3 (.const:ti_sysbios_family_arm_m3_Hwi_ccr__C)

.const:ti_sysbios_family_arm_m3_Hwi_excHandlerFunc__C 
*          0    00001214    00000004     
                  00001214    00000004     app_ble_pem3.oem3 (.const:ti_sysbios_family_arm_m3_Hwi_excHandlerFunc__C)

.const:ti_sysbios_family_arm_m3_Hwi_nullIsrFunc__C 
*          0    00001218    00000004     
                  00001218    00000004     app_ble_pem3.oem3 (.const:ti_sysbios_family_arm_m3_Hwi_nullIsrFunc__C)

.const:ti_sysbios_family_arm_m3_Hwi_numSparseInterrupts__C 
*          0    0000121c    00000004     
                  0000121c    00000004     app_ble_pem3.oem3 (.const:ti_sysbios_family_arm_m3_Hwi_numSparseInterrupts__C)

.const:ti_sysbios_family_arm_m3_Hwi_priGroup__C 
*          0    00001220    00000004     
                  00001220    00000004     app_ble_pem3.oem3 (.const:ti_sysbios_family_arm_m3_Hwi_priGroup__C)

.const:ti_sysbios_family_arm_m3_TaskSupport_stackAlignment__C 
*          0    00001224    00000004     
                  00001224    00000004     app_ble_pem3.oem3 (.const:ti_sysbios_family_arm_m3_TaskSupport_stackAlignment__C)

.const:ti_sysbios_heaps_HeapMem_E_memory__C 
*          0    00001228    00000004     
                  00001228    00000004     app_ble_pem3.oem3 (.const:ti_sysbios_heaps_HeapMem_E_memory__C)

.const:ti_sysbios_heaps_HeapMem_Module__gateObj__C 
*          0    0000122c    00000004     
                  0000122c    00000004     app_ble_pem3.oem3 (.const:ti_sysbios_heaps_HeapMem_Module__gateObj__C)

.const:ti_sysbios_heaps_HeapMem_Object__count__C 
*          0    00001230    00000004     
                  00001230    00000004     app_ble_pem3.oem3 (.const:ti_sysbios_heaps_HeapMem_Object__count__C)

.const:ti_sysbios_heaps_HeapMem_Object__table__C 
*          0    00001234    00000004     
                  00001234    00000004     app_ble_pem3.oem3 (.const:ti_sysbios_heaps_HeapMem_Object__table__C)

.const:ti_sysbios_heaps_HeapMem_reqAlign__C 
*          0    00001238    00000004     
                  00001238    00000004     app_ble_pem3.oem3 (.const:ti_sysbios_heaps_HeapMem_reqAlign__C)

.const:ti_sysbios_knl_Clock_triggerClock__C 
*          0    0000123c    00000004     
                  0000123c    00000004     app_ble_pem3.oem3 (.const:ti_sysbios_knl_Clock_triggerClock__C)

.const:ti_sysbios_knl_Mailbox_Object__count__C 
*          0    00001240    00000004     
                  00001240    00000004     app_ble_pem3.oem3 (.const:ti_sysbios_knl_Mailbox_Object__count__C)

.const:ti_sysbios_knl_Mailbox_Object__table__C 
*          0    00001244    00000004     
                  00001244    00000004     app_ble_pem3.oem3 (.const:ti_sysbios_knl_Mailbox_Object__table__C)

.const:ti_sysbios_knl_Mailbox_maxTypeAlign__C 
*          0    00001248    00000004     
                  00001248    00000004     app_ble_pem3.oem3 (.const:ti_sysbios_knl_Mailbox_maxTypeAlign__C)

.const:ti_sysbios_knl_Queue_Object__count__C 
*          0    0000124c    00000004     
                  0000124c    00000004     app_ble_pem3.oem3 (.const:ti_sysbios_knl_Queue_Object__count__C)

.const:ti_sysbios_knl_Queue_Object__table__C 
*          0    00001250    00000004     
                  00001250    00000004     app_ble_pem3.oem3 (.const:ti_sysbios_knl_Queue_Object__table__C)

.const:ti_sysbios_knl_Semaphore_eventPost__C 
*          0    00001254    00000004     
                  00001254    00000004     app_ble_pem3.oem3 (.const:ti_sysbios_knl_Semaphore_eventPost__C)

.const:ti_sysbios_knl_Semaphore_eventSync__C 
*          0    00001258    00000004     
                  00001258    00000004     app_ble_pem3.oem3 (.const:ti_sysbios_knl_Semaphore_eventSync__C)

.const:ti_sysbios_knl_Swi_Object__count__C 
*          0    0000125c    00000004     
                  0000125c    00000004     app_ble_pem3.oem3 (.const:ti_sysbios_knl_Swi_Object__count__C)

.const:ti_sysbios_knl_Swi_Object__table__C 
*          0    00001260    00000004     
                  00001260    00000004     app_ble_pem3.oem3 (.const:ti_sysbios_knl_Swi_Object__table__C)

.const:ti_sysbios_knl_Swi_numPriorities__C 
*          0    00001264    00000004     
                  00001264    00000004     app_ble_pem3.oem3 (.const:ti_sysbios_knl_Swi_numPriorities__C)

.const:ti_sysbios_knl_Task_Object__count__C 
*          0    00001268    00000004     
                  00001268    00000004     app_ble_pem3.oem3 (.const:ti_sysbios_knl_Task_Object__count__C)

.const:ti_sysbios_knl_Task_Object__table__C 
*          0    0000126c    00000004     
                  0000126c    00000004     app_ble_pem3.oem3 (.const:ti_sysbios_knl_Task_Object__table__C)

.const:ti_sysbios_knl_Task_allBlockedFunc__C 
*          0    00001270    00000004     
                  00001270    00000004     app_ble_pem3.oem3 (.const:ti_sysbios_knl_Task_allBlockedFunc__C)

.const:ti_sysbios_knl_Task_defaultStackHeap__C 
*          0    00001274    00000004     
                  00001274    00000004     app_ble_pem3.oem3 (.const:ti_sysbios_knl_Task_defaultStackHeap__C)

.const:ti_sysbios_knl_Task_defaultStackSize__C 
*          0    00001278    00000004     
                  00001278    00000004     app_ble_pem3.oem3 (.const:ti_sysbios_knl_Task_defaultStackSize__C)

.const:ti_sysbios_knl_Task_numConstructedTasks__C 
*          0    0000127c    00000004     
                  0000127c    00000004     app_ble_pem3.oem3 (.const:ti_sysbios_knl_Task_numConstructedTasks__C)

.const:ti_sysbios_family_arm_cc26xx_Timer_Module__id__C 
*          0    00001280    00000002     
                  00001280    00000002     app_ble_pem3.oem3 (.const:ti_sysbios_family_arm_cc26xx_Timer_Module__id__C)

.const:ti_sysbios_family_arm_cc26xx_TimestampProvider_useClockTimer__C 
*          0    00001282    00000002     
                  00001282    00000002     app_ble_pem3.oem3 (.const:ti_sysbios_family_arm_cc26xx_TimestampProvider_useClockTimer__C)

.const:ti_sysbios_family_arm_m3_Hwi_Module__id__C 
*          0    00001284    00000002     
                  00001284    00000002     app_ble_pem3.oem3 (.const:ti_sysbios_family_arm_m3_Hwi_Module__id__C)

.const:ti_sysbios_gates_GateHwi_Module__id__C 
*          0    00001286    00000002     
                  00001286    00000002     app_ble_pem3.oem3 (.const:ti_sysbios_gates_GateHwi_Module__id__C)

.const:ti_sysbios_gates_GateMutex_Module__id__C 
*          0    00001288    00000002     
                  00001288    00000002     app_ble_pem3.oem3 (.const:ti_sysbios_gates_GateMutex_Module__id__C)

.const:ti_sysbios_heaps_HeapMem_Module__id__C 
*          0    0000128a    00000002     
                  0000128a    00000002     app_ble_pem3.oem3 (.const:ti_sysbios_heaps_HeapMem_Module__id__C)

.const:ti_sysbios_knl_Task_initStackFlag__C 
*          0    0000128c    00000002     
                  0000128c    00000002     app_ble_pem3.oem3 (.const:ti_sysbios_knl_Task_initStackFlag__C)

.const:ti_sysbios_knl_Clock_tickMode__C 
*          0    0000128e    00000001     
                  0000128e    00000001     app_ble_pem3.oem3 (.const:ti_sysbios_knl_Clock_tickMode__C)

.const:xdc_runtime_Startup_firstFxns__C 
*          0    00001290    00000008     
                  00001290    00000008     app_ble_pem3.oem3 (.const:xdc_runtime_Startup_firstFxns__C)

.const:xdc_runtime_Startup_lastFxns__C 
*          0    00001298    00000008     
                  00001298    00000008     app_ble_pem3.oem3 (.const:xdc_runtime_Startup_lastFxns__C)

.const:xdc_runtime_Assert_E_assertFailed__C 
*          0    000012a0    00000004     
                  000012a0    00000004     app_ble_pem3.oem3 (.const:xdc_runtime_Assert_E_assertFailed__C)

.const:xdc_runtime_Error_E_memory__C 
*          0    000012a4    00000004     
                  000012a4    00000004     app_ble_pem3.oem3 (.const:xdc_runtime_Error_E_memory__C)

.const:xdc_runtime_Error_policyFxn__C 
*          0    000012a8    00000004     
                  000012a8    00000004     app_ble_pem3.oem3 (.const:xdc_runtime_Error_policyFxn__C)

.const:xdc_runtime_Error_raiseHook__C 
*          0    000012ac    00000004     
                  000012ac    00000004     app_ble_pem3.oem3 (.const:xdc_runtime_Error_raiseHook__C)

.const:xdc_runtime_IGateProvider_Interface__BASE__C 
*          0    000012b0    00000004     
                  000012b0    00000004     app_ble_pem3.oem3 (.const:xdc_runtime_IGateProvider_Interface__BASE__C)

.const:xdc_runtime_IHeap_Interface__BASE__C 
*          0    000012b4    00000004     
                  000012b4    00000004     app_ble_pem3.oem3 (.const:xdc_runtime_IHeap_Interface__BASE__C)

.const:xdc_runtime_IModule_Interface__BASE__C 
*          0    000012b8    00000004     
                  000012b8    00000004     app_ble_pem3.oem3 (.const:xdc_runtime_IModule_Interface__BASE__C)

.const:xdc_runtime_Memory_defaultHeapInstance__C 
*          0    000012bc    00000004     
                  000012bc    00000004     app_ble_pem3.oem3 (.const:xdc_runtime_Memory_defaultHeapInstance__C)

.const:xdc_runtime_Startup_execImpl__C 
*          0    000012c0    00000004     
                  000012c0    00000004     app_ble_pem3.oem3 (.const:xdc_runtime_Startup_execImpl__C)

.const:xdc_runtime_Startup_maxPasses__C 
*          0    000012c4    00000004     
                  000012c4    00000004     app_ble_pem3.oem3 (.const:xdc_runtime_Startup_maxPasses__C)

.const:xdc_runtime_Startup_sfxnRts__C 
*          0    000012c8    00000004     
                  000012c8    00000004     app_ble_pem3.oem3 (.const:xdc_runtime_Startup_sfxnRts__C)

.const:xdc_runtime_Startup_sfxnTab__C 
*          0    000012cc    00000004     
                  000012cc    00000004     app_ble_pem3.oem3 (.const:xdc_runtime_Startup_sfxnTab__C)

.const:xdc_runtime_Startup_startModsFxn__C 
*          0    000012d0    00000004     
                  000012d0    00000004     app_ble_pem3.oem3 (.const:xdc_runtime_Startup_startModsFxn__C)

.const:xdc_runtime_SysCallback_abortFxn__C 
*          0    000012d4    00000004     
                  000012d4    00000004     app_ble_pem3.oem3 (.const:xdc_runtime_SysCallback_abortFxn__C)

.const:xdc_runtime_SysCallback_exitFxn__C 
*          0    000012d8    00000004     
                  000012d8    00000004     app_ble_pem3.oem3 (.const:xdc_runtime_SysCallback_exitFxn__C)

.const:xdc_runtime_System_abortFxn__C 
*          0    000012dc    00000004     
                  000012dc    00000004     app_ble_pem3.oem3 (.const:xdc_runtime_System_abortFxn__C)

.const:xdc_runtime_System_exitFxn__C 
*          0    000012e0    00000004     
                  000012e0    00000004     app_ble_pem3.oem3 (.const:xdc_runtime_System_exitFxn__C)

.const:xdc_runtime_System_maxAtexitHandlers__C 
*          0    000012e4    00000004     
                  000012e4    00000004     app_ble_pem3.oem3 (.const:xdc_runtime_System_maxAtexitHandlers__C)

.const:xdc_runtime_Text_charTab__C 
*          0    000012e8    00000004     
                  000012e8    00000004     app_ble_pem3.oem3 (.const:xdc_runtime_Text_charTab__C)

.const:xdc_runtime_Text_nameEmpty__C 
*          0    000012ec    00000004     
                  000012ec    00000004     app_ble_pem3.oem3 (.const:xdc_runtime_Text_nameEmpty__C)

.const:xdc_runtime_Text_nameStatic__C 
*          0    000012f0    00000004     
                  000012f0    00000004     app_ble_pem3.oem3 (.const:xdc_runtime_Text_nameStatic__C)

.const:xdc_runtime_Text_nameUnknown__C 
*          0    000012f4    00000004     
                  000012f4    00000004     app_ble_pem3.oem3 (.const:xdc_runtime_Text_nameUnknown__C)

.const:xdc_runtime_Error_maxDepth__C 
*          0    000012f8    00000002     
                  000012f8    00000002     app_ble_pem3.oem3 (.const:xdc_runtime_Error_maxDepth__C)

.const:xdc_runtime_Memory_Module__id__C 
*          0    000012fa    00000002     
                  000012fa    00000002     app_ble_pem3.oem3 (.const:xdc_runtime_Memory_Module__id__C)

.const:xdc_runtime_Text_charCnt__C 
*          0    000012fc    00000002     
                  000012fc    00000002     app_ble_pem3.oem3 (.const:xdc_runtime_Text_charCnt__C)

.const:xdc_runtime_Text_isLoaded__C 
*          0    000012fe    00000002     
                  000012fe    00000002     app_ble_pem3.oem3 (.const:xdc_runtime_Text_isLoaded__C)

.const:xdc_runtime_Error_policy__C 
*          0    00001300    00000001     
                  00001300    00000001     app_ble_pem3.oem3 (.const:xdc_runtime_Error_policy__C)

.const:ti_sysbios_rom_ROM_ti_sysbios_family_arm_cc26xx_Timer_getCount64__E 
*          0    00001304    00000004     
                  00001304    00000004     app_ble_pem3.oem3 (.const:ti_sysbios_rom_ROM_ti_sysbios_family_arm_cc26xx_Timer_getCount64__E)

.const:ti_sysbios_rom_ROM_ti_sysbios_family_arm_cc26xx_Timer_getCurrentTick__E 
*          0    00001308    00000004     
                  00001308    00000004     app_ble_pem3.oem3 (.const:ti_sysbios_rom_ROM_ti_sysbios_family_arm_cc26xx_Timer_getCurrentTick__E)

.const:ti_sysbios_rom_ROM_ti_sysbios_family_arm_cc26xx_Timer_getMaxTicks__E 
*          0    0000130c    00000004     
                  0000130c    00000004     app_ble_pem3.oem3 (.const:ti_sysbios_rom_ROM_ti_sysbios_family_arm_cc26xx_Timer_getMaxTicks__E)

.const:ti_sysbios_rom_ROM_ti_sysbios_family_arm_cc26xx_Timer_initDevice__I 
*          0    00001310    00000004     
                  00001310    00000004     app_ble_pem3.oem3 (.const:ti_sysbios_rom_ROM_ti_sysbios_family_arm_cc26xx_Timer_initDevice__I)

.const:ti_sysbios_rom_ROM_ti_sysbios_family_arm_cc26xx_Timer_setNextTick__E 
*          0    00001314    00000004     
                  00001314    00000004     app_ble_pem3.oem3 (.const:ti_sysbios_rom_ROM_ti_sysbios_family_arm_cc26xx_Timer_setNextTick__E)

.const:ti_sysbios_rom_ROM_ti_sysbios_family_arm_cc26xx_Timer_setThreshold__I 
*          0    00001318    00000004     
                  00001318    00000004     app_ble_pem3.oem3 (.const:ti_sysbios_rom_ROM_ti_sysbios_family_arm_cc26xx_Timer_setThreshold__I)

.const:ti_sysbios_rom_ROM_ti_sysbios_family_arm_cc26xx_Timer_start__E 
*          0    0000131c    00000004     
                  0000131c    00000004     app_ble_pem3.oem3 (.const:ti_sysbios_rom_ROM_ti_sysbios_family_arm_cc26xx_Timer_start__E)

.const:ti_sysbios_rom_ROM_ti_sysbios_family_arm_cc26xx_TimestampProvider_get32__E 
*          0    00001320    00000004     
                  00001320    00000004     app_ble_pem3.oem3 (.const:ti_sysbios_rom_ROM_ti_sysbios_family_arm_cc26xx_TimestampProvider_get32__E)

.const:ti_sysbios_rom_ROM_xdc_runtime_Startup_getState__I 
*          0    00001324    00000004     
                  00001324    00000004     app_ble_pem3.oem3 (.const:ti_sysbios_rom_ROM_xdc_runtime_Startup_getState__I)

.const:ti_sysbios_rom_ROM_xdc_runtime_System_SupportProxy_abort__E 
*          0    00001328    00000004     
                  00001328    00000004     app_ble_pem3.oem3 (.const:ti_sysbios_rom_ROM_xdc_runtime_System_SupportProxy_abort__E)

.const:ti_sysbios_rom_ROM_xdc_runtime_System_SupportProxy_exit__E 
*          0    0000132c    00000004     
                  0000132c    00000004     app_ble_pem3.oem3 (.const:ti_sysbios_rom_ROM_xdc_runtime_System_SupportProxy_exit__E)

.text.2    0    00001330    0000ead4     
                  00001330    00000548     peripheral.obj (.text:gapRole_processGAPMsg)
                  00001878    00000314     drivers_cc26x0r2.aem3 : PowerCC26XX_calibrateRCOSC.oem3 (.text:PowerCC26XX_auxISR)
                  00001b8c    00000300     cc2640_ll_pxxx_ext_scan_ext_adv.a : ll_scheduler.o (.text)
                  00001e8c    000002e4                                       : ll.o (.text)
                  00002170    00000274     peripheral.obj (.text:GAPRole_GetParameter)
                  000023e4    00000270     hidkbdservice.obj (.text:HidKbd_AddService)
                  00002654    00000258     drivers_cc26x0r2.aem3 : CryptoCC26XX.oem3 (.text:cryptoTransactionExecute)
                  000028ac    00000244                           : PowerCC26XX.oem3 (.text:Power_sleep)
                  00002af0    00000238     cc26xx_profiles_pxxx.a : gapgattserver.o (.text)
                  00002d28    0000022c     hid_emu_kbd_cc2640r2lp_stack_library.lib : gapbondmgr.obj (.text:GAPBondMgr_SetParameter)
                  00002f54    00000220     cc2640_ll_pxxx_ext_scan_ext_adv.a : ll_isr.o (.text)
                  00003174    00000214                                       : ll_common.o (.text)
                  00003388    0000020c     driverlib.lib : sys_ctrl.obj (.text:NOROM_SysCtrlSetRechargeBeforePowerDown)
                  00003594    00000204     cc26xx_profiles_pxxx.a : gattservapp.o (.text)
                  00003798    00000204     cc26xx_sm_pxxx.a : sm_pairing.o (.text)
                  0000399c    000001f4     RFCC26XX_singleMode.obj (.text:fsmSetupState)
                  00003b90    000001f4     rtsv7M3_T_le_eabi.lib : ull_div_t2.obj (.text)
                  00003d84    000001f0     ECCROMCC26XX.obj (.text:ECCROMCC26XX_genDHKey)
                  00003f74    000001e4     hid_emu_kbd_cc2640r2lp_stack_library.lib : gapbondmgr.obj (.text:GAPBondMgr_ProcessGAPMsg)
                  00004158    000001d8     hidemukbd.obj (.text:HidEmuKbd_init)
                  00004330    000001d0     hid_emu_kbd_cc2640r2lp_stack_library.lib : gapbondmgr.obj (.text:gapBondMgrAddBond)
                  00004500    000001c4     cc2640_ll_pxxx_ext_scan_ext_adv.a : ll_isr.o (.text)
                  000046c4    000001c4     hid_emu_kbd_cc2640r2lp_stack_library.lib : osal.obj (.text:osal_run_system)
                  00004888    000001c0     hiddev.obj (.text:HidDev_WriteAttrCB)
                  00004a48    000001bc     drivers_cc26x0r2.aem3 : PINCC26XX.oem3 (.text:PIN_init)
                  00004c04    000001a8     cc2640_ll_pxxx_ext_scan_ext_adv.a : ll_isr.o (.text)
                  00004dac    000001a0     devinfoservice.obj (.text:devInfo_ReadAttrCB)
                  00004f4c    00000194     hiddev.obj (.text:HidDev_ReadAttrCB)
                  000050e0    00000190     drivers_cc26x0r2.aem3 : PowerCC26XX_calibrateRCOSC.oem3 (.text:PowerCC26XX_doCalibrate)
                  00005270    0000018c     ECCROMCC26XX.obj (.text:ECCROMCC26XX_genKeys)
                  000053fc    00000180     hid_emu_kbd_cc2640r2lp_stack_library.lib : gapbondmgr.obj (.text:gapBondMgrAuthenticate)
                  0000557c    00000170     cc2640_ll_pxxx_ext_scan_ext_adv.a : ll.o (.text)
                  000056ec    0000016c     peripheral.obj (.text:gapRole_taskFxn)
                  00005858    00000158     RFCC26XX_singleMode.obj (.text:rf_init)
                  000059b0    00000150     hid_emu_kbd_cc2640r2lp_stack_library.lib : gapbondmgr.obj (.text:GAPBondMgr_ProcessEvent)
                  00005b00    00000148     RFCC26XX_singleMode.obj (.text:radioOpDoneCb)
                  00005c48    00000140     icall.obj (.text:ICall_waitMatch)
                  00005d88    0000013c     RFCC26XX_singleMode.obj (.text:RF_postCmd)
                  00005ec4    0000013c     RFCC26XX_singleMode.obj (.text:powerDownRfCore)
                  00006000    00000138     RFCC26XX_singleMode.obj (.text:fsmPowerUpState)
                  00006138    00000134     icall.obj (.text:ICall_heapMalloc)
                  0000626c    0000012c     hiddev.obj (.text:HidDev_taskFxn)
                  00006398    0000012c     drivers_cc26x0r2.aem3 : PowerCC26XX.oem3 (.text:Power_init)
                  000064c4    0000012c     hid_emu_kbd_cc2640r2lp_stack_library.lib : osal_snv_wrapper.obj (.text:compactPage)
                  000065f0    00000128     RFCC26XX_singleMode.obj (.text:abortCmd)
                  00006718    00000128     cc2640_ll_pxxx_ext_scan_ext_adv.a : ll_scheduler.o (.text)
                  00006840    00000128     hid_emu_kbd_cc2640r2lp_stack_library.lib : gapbondmgr.obj (.text:gapBondMgrEraseBonding)
                  00006968    0000011c     RFCC26XX_singleMode.obj (.text:RF_pendCmd)
                  00006a84    00000114     RFCC26XX_singleMode.obj (.text:RF_open)
                  00006b98    00000112     cc26xx_gatt_pxxx.a : gatt_server.o (.text)
                  00006caa    00000002     hid_emu_kbd_cc2640r2lp_stack_library.lib : common_rom_init.obj (.text:CommonROM_Init)
                  00006cac    00000104     peripheral.obj (.text:gapRole_init)
                  00006db0    000000fc     RFCC26XX_singleMode.obj (.text:swiFxnHw)
                  00006eac    000000f8     RFCC26XX_singleMode.obj (.text:hwiFxnCpe0Active)
                  00006fa4    000000f4     scanparamservice.obj (.text:scanParamWriteAttrCB)
                  00007098    000000f0     hid_emu_kbd_cc2640r2lp_stack_library.lib : osal_timers.obj (.text:osalTimerUpdate)
                  00007188    000000ec                                              : gapbondmgr.obj (.text:GAPBondMgr_LinkEst)
                  00007274    000000ec     cc26xx_profiles_pxxx.a : gattservapp.o (.text)
                  00007360    000000e8     hid_emu_kbd_cc2640r2lp_stack_library.lib : gapbondmgr.obj (.text:GAPBondMgr_GetParameter)
                  00007448    000000e8     hidemukbd.obj (.text:HidEmuKbd_reportCB)
                  00007530    000000e8     dpl_cc26x0r2.aem3 : PowerCC26XX_tirtos.oem3 (.text:PowerCC26XX_standbyPolicy)
                  00007618    000000e4     cc26xx_sm_pxxx.a : sm_pairing.o (.text)
                  000076fc    000000e0     RFCC26XX_singleMode.obj (.text:discardPendCmd)
                  000077dc    000000dc     drivers_cc26x0r2.aem3 : PINCC26XX.oem3 (.text:PINCC26XX_setIoCfg)
                  000078b8    000000dc     hid_emu_kbd_cc2640r2lp_stack_library.lib : osal.obj (.text:osal_set_event)
                  00007994    000000d8     icall.obj (.text:ICall_heapInit)
                  00007a6c    000000d8     hid_emu_kbd_cc2640r2lp_stack_library.lib : ble_user_config.obj (.text:setBleUserConfig)
                  00007b44    000000d4     drivers_cc26x0r2.aem3 : CryptoCC26XX.oem3 (.text:CryptoCC26XX_open)
                  00007c18    000000d4     icall.obj (.text:ICall_enrollService)
                  00007cec    000000d4     cc2640_ll_pxxx_ext_scan_ext_adv.a : ll_scheduler.o (.text)
                  00007dc0    000000cc     hiddev.obj (.text:HidDev_enqueueReport)
                  00007e8c    000000c8     peripheral.obj (.text:gapRole_startConnUpdate)
                  00007f54    000000c4     hiddev.obj (.text:HidDev_processPairStateEvt)
                  00008018    000000c4     cc26xx_sm_pxxx.a : sm_pairing.o (.text)
                  000080dc    000000c0     hiddev.obj (.text:HidDev_init)
                  0000819c    000000c0     icall.obj (.text:ICall_setTimer)
                  0000825c    000000bc     drivers_cc26x0r2.aem3 : PowerCC26XX.oem3 (.text:Power_releaseDependency)
                  00008318    000000b4     hiddev.obj (.text:HidDev_processStateChangeEvt)
                  000083cc    000000b4     drivers_cc26x0r2.aem3 : PowerCC26XX.oem3 (.text:Power_setDependency)
                  00008480    000000b0     hiddev.obj (.text:HidDev_sendReport)
                  00008530    000000b0     icall.obj (.text:ICall_registerApp)
                  000085e0    000000b0     battservice.obj (.text:battWriteAttrCB)
                  00008690    000000b0     cc2640_hci_pxxx_ext_scan_ext_adv.a : hci_event.o (.text)
                  00008740    000000ac     driverlib.lib : setup.obj (.text:NOROM_SetupTrimDevice)
                  000087ec    000000ac     TRNGCC26XX.obj (.text:TRNGCC26XX_getNumber)
                  00008898    000000a8     icall.obj (.text:HEAPMGR_GETLARGESTFREEBUF)
                  00008940    000000a8     hidkbdservice.obj (.text:HidKbd_SetParameter)
                  000089e8    000000a8     icall.obj (.text:ICall_send)
                  00008a90    000000a8     icall.obj (.text:ICall_sendServiceComplete)
                  00008b38    000000a8     battservice.obj (.text:battReadAttrCB)
                  00008be0    000000a8     RFCC26XX_singleMode.obj (.text:hwiFxnHw)
                  00008c88    000000a8     icall.obj (.text:icall_directAPI)
                  00008d30    000000a4     hid_emu_kbd_cc2640r2lp_stack_library.lib : gapbondmgr.obj (.text:GAPBondMgr_ResolveAddr)
                  00008dd4    000000a4     icall.obj (.text:ICall_newTask)
                  00008e78    000000a4     hid_emu_kbd_cc2640r2lp_stack_library.lib : osal_cbtimer.obj (.text:cbTimerSetup)
                  00008f1c    000000a4     RFCC26XX_singleMode.obj (.text:ratDispatchTime)
                  00008fc0    000000a4     RFCC26XX_singleMode.obj (.text:ratFreeChannel)
                  00009064    000000a4     drivers_cc26x0r2.aem3 : PowerCC26XX.oem3 (.text:switchXOSCHFclockFunc)
                  00009108    000000a0     icall.obj (.text:ICall_createRemoteTasksAtRuntime)
                  000091a8    000000a0     auto_init.aem3 : auto_init.oem3 (.text)
                  00009248    000000a0     RFCC26XX_singleMode.obj (.text:dispatchNextCmd)
                  000092e8    000000a0     hid_emu_kbd_cc2640r2lp_stack_library.lib : gapbondmgr.obj (.text:gapBondMgrUpdateCharCfg)
                  00009388    0000009c     battservice.obj (.text:Batt_GetParameter)
                  00009424    0000009c     hidemukbd.obj (.text:HidEmuKbd_taskFxn)
                  000094c0    0000009c     RFCC26XX_singleMode.obj (.text:RF_getCurrentTime)
                  0000955c    0000009c     rtsv7M3_T_le_eabi.lib : memcpy_t2.obj (.text)
                  000095f8    0000009a     RFCC26XX_singleMode.obj (.text:syncCb)
                  00009692    00000002     driverlib.lib : rfc.obj (.text:NOROM_RFCAdi3VcoLdoVoltageMode)
                  00009694    00000098     icall_cc2650.obj (.text:ICallPlatform_pwrUpdActivityCounter)
                  0000972c    00000098     drivers_cc26x0r2.aem3 : PINCC26XX.oem3 (.text:PIN_open)
                  000097c4    00000098     rom_sysbios.aem3 : rom_sysbios.obj (.text:ti_sysbios_knl_Clock_workFuncDynamic__E)
                  0000985c    00000096     gattservapp_util.obj (.text:GATTServApp_ProcessCCCWriteReq)
                  000098f2    00000002     hid_emu_kbd_cc2640r2lp_stack_library.lib : onboard.obj (.text:Onboard_soft_reset)
                  000098f4    00000094                                              : osal_cbtimer.obj (.text:osal_CbTimerProcessEvent)
                  00009988    00000090     driverlib.lib : crypto.obj (.text:NOROM_CRYPTOAesLoadKey)
                  00009a18    00000090     RFCC26XX_singleMode.obj (.text:RF_getInfo)
                  00009aa8    00000090     cc2640_hci_tl_ext_scan_ext_adv_none.a : hci_tl.o (.text)
                  00009b38    00000090     cc2640_ll_pxxx_ext_scan_ext_adv.a : ll_enc.o (.text)
                  00009bc8    0000008c     icall.obj (.text:ICall_getEntityId)
                  00009c54    0000008c     driverlib.lib : setup.obj (.text:TrimAfterColdResetWakeupFromShutDown)
                  00009ce0    0000008c     cc2640_ll_pxxx_ext_scan_ext_adv.a : ll_isr.o (.text)
                  00009d6c    00000088     drivers_cc26x0r2.aem3 : CryptoCC26XX.oem3 (.text:CryptoCC26XX_allocateKey)
                  00009df4    00000088     hidkbdservice.obj (.text:HidKbd_GetParameter)
                  00009e7c    00000088     cc2640_ll_pxxx_ext_scan_ext_adv.a : ll.o (.text)
                  00009f04    00000088     cc26xx_profiles_pxxx.a : gapgattserver.o (.text)
                  00009f8c    00000088     hid_emu_kbd_cc2640r2lp_stack_library.lib : osal_snv_wrapper.obj (.text:writeWord)
                  0000a014    00000086     cc2640_ll_pxxx_ext_scan_ext_adv.a : ll_common.o (.text)
                  0000a09a    00000084     icall.obj (.text:ICall_wait)
                  0000a11e    00000002     hid_emu_kbd_cc2640r2lp_stack_library.lib : sm_ecc.obj (.text:SM_dhKeyCB)
                  0000a120    00000084                                              : osal.obj (.text:osal_event_send)
                  0000a1a4    00000080     hiddev.obj (.text:HidDev_sendNoti)
                  0000a224    00000080     hid_emu_kbd_cc2640r2lp_stack_library.lib : osal_icall_ble.obj (.text:osalInitTasks)
                  0000a2a4    0000007c                                              : gapbondmgr.obj (.text:GAPBondMgr_syncResolvingList)
                  0000a320    0000007c     hidemukbd.obj (.text:HidEmuKbd_handleKeys)
                  0000a39c    0000007c     hidemukbd.obj (.text:HidEmuKbd_processStackMsg)
                  0000a418    0000007c     RFCC26XX_singleMode.obj (.text:applyRfCorePatch)
                  0000a494    0000007c     battservice.obj (.text:battNotify)
                  0000a510    0000007c     cc2640_hci_pxxx_ext_scan_ext_adv.a : hci_event.o (.text)
                  0000a58c    0000007c     cc2640_ll_pxxx_ext_scan_ext_adv.a : ll_scheduler.o (.text)
                  0000a608    0000007c     cc26xx_gap_pxxx.a : gap_linkmgr.o (.text)
                  0000a684    0000007a     rtsv7M3_T_le_eabi.lib : memset_t2.obj (.text)
                  0000a6fe    00000002     hid_emu_kbd_cc2640r2lp_stack_library.lib : sm_ecc.obj (.text:SM_p256KeyCB)
                  0000a700    00000078     board_key.obj (.text:Board_initKeys)
                  0000a778    00000078     ECCROMCC26XX.obj (.text:ECCROMCC26XX_Params_init)
                  0000a7f0    00000078     hiddev.obj (.text:HidDev_Report)
                  0000a868    00000078     icall.obj (.text:ICall_createRemoteTasks)
                  0000a8e0    00000078     RFCC26XX_singleMode.obj (.text:Q_push)
                  0000a958    00000078     scanparamservice.obj (.text:ScanParam_RefreshNotify)
                  0000a9d0    00000078     RFCC26XX_singleMode.obj (.text:calculateDispatchTime)
                  0000aa48    00000078     cc26xx_profiles_pxxx.a : gattservapp.o (.text)
                  0000aac0    00000078     RFCC26XX_singleMode.obj (.text:cmdDispatchTime)
                  0000ab38    00000078     peripheral.obj (.text:gapRole_processStackMsg)
                  0000abb0    00000074     gattservapp_util.obj (.text:GATTServApp_InitCharCfg)
                  0000ac24    00000074     hiddev.obj (.text:HidDev_reportById)
                  0000ac98    00000074     driverlib.lib : rfc.obj (.text:NOROM_RFCOverrideUpdate)
                  0000ad0c    00000074     cc2640_ll_pxxx_ext_scan_ext_adv.a : ll_common.o (.text)
                  0000ad80    00000074     hid_emu_kbd_cc2640r2lp_stack_library.lib : osal.obj (.text:osal_msg_enqueue_push)
                  0000adf4    00000074                                              : osal.obj (.text:osal_msg_receive)
                  0000ae68    00000074     RFCC26XX_singleMode.obj (.text:ratArmChannel)
                  0000aedc    00000074     rom_sysbios.aem3 : rom_sysbios.obj (.text:ti_sysbios_family_arm_cc26xx_Timer_start__E)
                  0000af50    00000070     driverlib.lib : sys_ctrl.obj (.text:NOROM_SysCtrlAdjustRechargeAfterPowerDown)
                  0000afc0    00000070     RFCC26XX_singleMode.obj (.text:dispatchNextEvent)
                  0000b030    00000070     RFCC26XX_singleMode.obj (.text:fsmXOSCState)
                  0000b0a0    00000070     hid_emu_kbd_cc2640r2lp_stack_library.lib : gapbondmgr.obj (.text:gapBondMgrBondReq)
                  0000b110    00000070     RFCC26XX_singleMode.obj (.text:getCmd)
                  0000b180    00000070     drivers_cc26x0r2.aem3 : PowerCC26XX.oem3 (.text:lfClockReadyCallback)
                  0000b1f0    0000006c     hiddev.obj (.text:HidDev_processAppMsg)
                  0000b25c    0000006c     icall.obj (.text:ICall_init)
                  0000b2c8    0000006c     driverlib.lib : osc.obj (.text:NOROM_OSCHF_AttemptToSwitchToXosc)
                  0000b334    0000006c     drivers_cc26x0r2.aem3 : PowerCC26XX_calibrateRCOSC.oem3 (.text:PowerCC26XX_initiateCalibration)
                  0000b3a0    0000006c     cc2640_ll_pxxx_ext_scan_ext_adv.a : ll_scheduler.o (.text)
                  0000b40c    0000006c     drivers_cc26x0r2.aem3 : PowerCC26XX.oem3 (.text:configureXOSCHF)
                  0000b478    0000006c     hid_emu_kbd_cc2640r2lp_stack_library.lib : osal_cbtimer.obj (.text:osal_CbTimerUpdate)
                  0000b4e4    00000068     hiddev.obj (.text:HidDev_disconnected)
                  0000b54c    00000068     driverlib.lib : sys_ctrl.obj (.text:NOROM_SysCtrl_DCDC_VoltageConditionalControl)
                  0000b5b4    00000068     rtsv7M3_T_le_eabi.lib : copy_decompress_lzss.obj (.text:decompress:lzss)
                  0000b61c    00000064     hiddev.obj (.text:HidDev_reportByHandle)
                  0000b680    00000064     icall.obj (.text:ICall_searchTask)
                  0000b6e4    00000064     RFCC26XX_singleMode.obj (.text:RF_wakeupNotifyFxn)
                  0000b748    00000064     cc26xx_profiles_pxxx.a : gattservapp.o (.text)
                  0000b7ac    00000064     hid_emu_kbd_cc2640r2lp_stack_library.lib : osal_snv_wrapper.obj (.text:findItem)
                  0000b810    00000064     RFCC26XX_singleMode.obj (.text:ratRestartChannels)
                  0000b874    00000060     ECCROMCC26XX.obj (.text:ECC_initGlobals)
                  0000b8d4    00000060     peripheral.obj (.text:GAPRole_SendUpdateParam)
                  0000b934    00000060     icall.obj (.text:ICall_searchServiceEntity)
                  0000b994    00000060     scanparamservice.obj (.text:ScanParam_AddService)
                  0000b9f4    00000060     util.obj (.text:Util_constructClock)
                  0000ba54    00000060     RFCC26XX_singleMode.obj (.text:calculateDeltaTimeUs)
                  0000bab4    00000060     RFCC26XX_singleMode.obj (.text:rfReleaseConstraint)
                  0000bb14    00000060     hid_emu_kbd_cc2640r2lp_stack_library.lib : osal_icall_ble.obj (.text:stack_main)
                  0000bb74    0000005e     RFCC26XX_singleMode.obj (.text:cacheFsCmd)
                  0000bbd2    00000002     drivers_cc26x0r2.aem3 : PowerCC26XX.oem3 (.text:emptyClockFunc)
                  0000bbd4    0000005c     hiddev.obj (.text:HidDev_reportByCccdHandle)
                  0000bc30    0000005c     icall.obj (.text:ICall_msecs2Ticks)
                  0000bc8c    0000005c     icall.obj (.text:ICall_primEntityId2ServiceId)
                  0000bce8    0000005c     drivers_cc26x0r2.aem3 : PowerCC26XX_calibrateRCOSC.oem3 (.text:PowerCC26XX_RCOSC_clockFunc)
                  0000bd44    0000005c                           : PowerCC26XX.oem3 (.text:PowerCC26XX_calibrate)
                  0000bda0    0000005c     cc26xx_profiles_pxxx.a : gattservapp.o (.text)
                  0000bdfc    0000005c     main.obj (.text:main)
                  0000be58    0000005c     hid_emu_kbd_cc2640r2lp_stack_library.lib : osal_cbtimer.obj (.text:osal_CbTimerStop)
                  0000beb4    0000005c     app_ble_pem3.oem3 (.text:xdc_runtime_Startup_getState__I)
                  0000bf10    0000005a     main.obj (.text:AssertHandler)
                  0000bf6a    00000002     hid_emu_kbd_cc2640r2lp_stack_library.lib : hal_assert.obj (.text:halAssertHandler)
                  0000bf6c    00000058     battservice.obj (.text:Batt_AddService)
                  0000bfc4    00000058     hiddev.obj (.text:HidDev_processPasscodeEvt)
                  0000c01c    00000058     icall.obj (.text:ICall_fetchMsg)
                  0000c074    00000058     hid_emu_kbd_cc2640r2lp_stack_library.lib : gapbondmgr.obj (.text:gapBondMgrReadBonds)
                  0000c0cc    00000058                                              : osal_timers.obj (.text:osal_timer_refTimeUpdate)
                  0000c124    00000054     hiddev.obj (.text:HidDev_lowAdvertising)
                  0000c178    00000054     TRNGCC26XX.obj (.text:TRNGCC26XX_isParamValid)
                  0000c1cc    00000054     hid_emu_kbd_cc2640r2lp_stack_library.lib : osal_bufmgr.obj (.text:osal_bm_free)
                  0000c220    00000054     rtsv7M3_T_le_eabi.lib : exit.obj (.text)
                  0000c274    00000052     icall.obj (.text:ICall_msgEnqueue)
                  0000c2c6    00000002     hid_emu_kbd_cc2640r2lp_stack_library.lib : hal_assert.obj (.text:halAssertSpinlock)
                  0000c2c8    00000050     battservice.obj (.text:Batt_SetParameter)
                  0000c318    00000050     hid_emu_kbd_cc2640r2lp_stack_library.lib : gapbondmgr.obj (.text:GAPBondMgr_LinkTerm)
                  0000c368    00000050                                              : gapbondmgr.obj (.text:GAPBondMgr_UpdateCharCfg)
                  0000c3b8    00000050     hiddev.obj (.text:HidDev_Register)
                  0000c408    00000050     hiddev.obj (.text:HidDev_highAdvertising)
                  0000c458    00000050     hiddev.obj (.text:HidDev_initialAdvertising)
                  0000c4a8    00000050     icall.obj (.text:ICall_getMaxMSecs)
                  0000c4f8    00000050     icall.obj (.text:ICall_heapFree)
                  0000c548    00000050     battservice.obj (.text:battNotifyLevel)
                  0000c598    00000050     cc26xx_profiles_pxxx.a : gattservapp.o (.text)
                  0000c5e8    00000050     gattservapp_util.obj (.text:gattServApp_FindCharCfgItem)
                  0000c638    0000004c     hid_emu_kbd_cc2640r2lp_stack_library.lib : npi.obj (.text:NPI_WriteTransport)
                  0000c684    0000004c                                              : osal_snv_wrapper.obj (.text:NVOCOP_initNV)
                  0000c6d0    0000004c     RFCC26XX_singleMode.obj (.text:RF_runCmd)
                  0000c71c    0000004c     battservice.obj (.text:battMeasure)
                  0000c768    0000004c     hid_emu_kbd_cc2640r2lp_stack_library.lib : osal_snv_wrapper.obj (.text:erasePage)
                  0000c7b4    0000004c     peripheral.obj (.text:gapRole_HandleParamUpdateNoSuccess)
                  0000c800    0000004c     peripheral.obj (.text:gapRole_SetupGAP)
                  0000c84c    0000004c     hid_emu_kbd_cc2640r2lp_stack_library.lib : osal_clock.obj (.text:osalAdjustTimer)
                  0000c898    0000004c     rtsv7M3_T_le_eabi.lib : cpy_tbl.obj (.text)
                  0000c8e4    0000004a     hiddev.obj (.text:HidDev_passcodeCB)
                  0000c92e    0000004a     icall.obj (.text:ICall_msgPrepend)
                  0000c978    00000048     dpl_cc26x0r2.aem3 : ClockP_tirtos.oem3 (.text:ClockP_construct)
                  0000c9c0    00000048     peripheral.obj (.text:GAPRole_TerminateConnection)
                  0000ca08    00000048     hiddev.obj (.text:HidDev_enqueueMsg)
                  0000ca50    00000048     icall.obj (.text:ICall_fetchServiceMsg)
                  0000ca98    00000048     util.obj (.text:Util_restartClock)
                  0000cae0    00000048     RFCC26XX_singleMode.obj (.text:allocCmd)
                  0000cb28    00000048     hid_emu_kbd_cc2640r2lp_stack_library.lib : gapbondmgr.obj (.text:gapBondMgrUpdateLruBondList)
                  0000cb70    00000048                                              : osal_timers.obj (.text:osalAddTimer)
                  0000cbb8    00000048                                              : osal.obj (.text:osal_init_system)
                  0000cc00    00000048                                              : osal_timers.obj (.text:osal_start_timerEx)
                  0000cc48    00000048     rom_sysbios.aem3 : rom_sysbios.obj (.text:ti_sysbios_family_arm_cc26xx_Timer_setThreshold__I)
                  0000cc90    00000046     hidemukbd.obj (.text:HidEmuKbd_sendReport)
                  0000ccd6    00000046     hid_emu_kbd_cc2640r2lp_stack_library.lib : icall_lite_translation.obj (.text:icall_liteTranslation)
                  0000cd1c    00000044     board_key.obj (.text:Board_keyCallback)
                  0000cd60    00000044     drivers_cc26x0r2.aem3 : CryptoCC26XX.oem3 (.text:CryptoCC26XX_loadKey)
                  0000cda4    00000044     ECCROMCC26XX.obj (.text:ECCROMCC26XX_init)
                  0000cde8    00000044     gattservapp_util.obj (.text:GATTServApp_WriteCharCfg)
                  0000ce2c    00000044     icall.obj (.text:ICall_getLocalMsgEntityId)
                  0000ce70    00000044     driverlib.lib : osc.obj (.text:NOROM_OSCHF_SwitchToRcOscTurnOffXosc)
                  0000ceb4    00000044     boot.aem3 : boot.oem3 (.text)
                  0000cef8    00000044     cc2640_ll_pxxx_ext_scan_ext_adv.a : ll_scheduler.o (.text)
                  0000cf3c    00000044     cc26xx_profiles_pxxx.a : gattservapp.o (.text)
                  0000cf80    00000044     drivers_cc26x0r2.aem3 : PowerCC26XX.oem3 (.text:notify)
                  0000cfc4    00000044     RFCC26XX_singleMode.obj (.text:runDirectImmediateCmd)
                  0000d008    00000042     hid_emu_kbd_cc2640r2lp_stack_library.lib : gap.obj (.text:GAP_DeviceInit)
                  0000d04a    00000042     util.obj (.text:Util_enqueueMsg)
                  0000d08c    00000040     hid_emu_kbd_cc2640r2lp_stack_library.lib : gapbondmgr.obj (.text:GAPBondMgr_Init)
                  0000d0cc    00000040     hiddev.obj (.text:HidDev_dequeueReport)
                  0000d10c    00000040     hidemukbd.obj (.text:HidEmuKbd_enqueueMsg)
                  0000d14c    00000040     icall_cc2650.obj (.text:ICallPlatform_pwrDispenseImpl)
                  0000d18c    00000040     icall_cc2650.obj (.text:ICallPlatform_pwrRequireImpl)
                  0000d1cc    00000040     icall.obj (.text:ICall_heapGetStats)
                  0000d20c    00000040     hid_emu_kbd_cc2640r2lp_stack_library.lib : osal_snv_wrapper.obj (.text:NVOCOP_compactNV)
                  0000d24c    00000040     drivers_cc26x0r2.aem3 : PINCC26XX.oem3 (.text:PIN_swi)
                  0000d28c    00000040                           : PowerCC26XX.oem3 (.text:PowerCC26XX_isStableXOSC_HF)
                  0000d2cc    00000040     cc2640_ll_pxxx_ext_scan_ext_adv.a : ll_isr.o (.text)
                  0000d30c    00000040     cc26xx_profiles_pxxx.a : gattservapp.o (.text)
                  0000d34c    00000040                            : gattservapp.o (.text)
                  0000d38c    00000040     hid_emu_kbd_cc2640r2lp_stack_library.lib : osal_bufmgr.obj (.text:osal_bm_alloc)
                  0000d3cc    00000040                                              : osal.obj (.text:osal_clear_event)
                  0000d40c    00000040                                              : osal.obj (.text:osal_msg_extract)
                  0000d44c    00000040     rom_sysbios.aem3 : rom_sysbios.obj (.text:ti_sysbios_heaps_HeapCallback_Module_startup__E)
                  0000d48c    0000003e     dpl_cc26x0r2.aem3 : HwiP_tirtos.oem3 (.text:HwiP_construct)
                  0000d4ca    0000003e     icall.obj (.text:ICall_msgDequeue)
                  0000d508    0000003e     icall.obj (.text:ICall_sendServiceMsg)
                  0000d546    00000002     app_ble_pem3.oem3 (.text:ti_sysbios_BIOS_nullFunc__I)
                  0000d548    0000003c     driverlib.lib : osc.obj (.text:NOROM_OSC_HPOSCRelativeFrequencyOffsetGet)
                  0000d584    0000003c                   : rfc.obj (.text:NOROM_RFCSynthPowerDown)
                  0000d5c0    0000003c     dpl_cc26x0r2.aem3 : SwiP_tirtos.oem3 (.text:SwiP_construct)
                  0000d5fc    0000003c     cc2640_hci_tl_ext_scan_ext_adv_none.a : hci_tl.o (.text)
                  0000d638    0000003c     cc2640_ll_pxxx_ext_scan_ext_adv.a : ll_scheduler.o (.text)
                  0000d674    0000003c     cc26xx_profiles_pxxx.a : gattservapp.o (.text)
                  0000d6b0    0000003c                            : gattservapp.o (.text)
                  0000d6ec    0000003c     drivers_cc26x0r2.aem3 : PowerCC26XX.oem3 (.text:disableLfClkQualifiersEnableClkLoss)
                  0000d728    0000003c     hid_emu_kbd_cc2640r2lp_stack_library.lib : osal_timers.obj (.text:osal_start_reload_timer)
                  0000d764    0000003c     rom_sysbios.aem3 : rom_sysbios.obj (.text:ti_sysbios_family_arm_m3_Hwi_construct2__E)
                  0000d7a0    00000038     peripheral.obj (.text:GAPRole_createTask)
                  0000d7d8    00000038     hid_emu_kbd_cc2640r2lp_stack_library.lib : hal_flash_wrapper.obj (.text:HalFlashRead)
                  0000d810    00000038     hiddev.obj (.text:HidDev_createTask)
                  0000d848    00000038     hiddev.obj (.text:HidDev_processBatteryEvt)
                  0000d880    00000038     hidemukbd.obj (.text:HidEmuKbd_createTask)
                  0000d8b8    00000038     hid_emu_kbd_cc2640r2lp_stack_library.lib : osal_snv_wrapper.obj (.text:NVOCOP_readItem)
                  0000d8f0    00000038                                              : rom_init.obj (.text:ROM_Init)
                  0000d928    00000038     cc2640_ll_pxxx_ext_scan_ext_adv.a : ll_scheduler.o (.text)
                  0000d960    00000038                                       : ll_scheduler.o (.text)
                  0000d998    00000038     cc26xx_l2cap_pxxx.a : l2cap_util.o (.text)
                  0000d9d0    00000038     hid_emu_kbd_cc2640r2lp_stack_library.lib : osal_snv_wrapper.obj (.text:disableCache)
                  0000da08    00000038     RFCC26XX_singleMode.obj (.text:executeDirectImmediateCmd)
                  0000da40    00000038     hid_emu_kbd_cc2640r2lp_stack_library.lib : osal_snv_wrapper.obj (.text:findOffset)
                  0000da78    00000038                                              : osal.obj (.text:osal_alien2proxy)
                  0000dab0    00000038                                              : osal.obj (.text:osal_msec_timer_cback)
                  0000dae8    00000038                                              : osal.obj (.text:osal_msg_enqueue)
                  0000db20    00000038                                              : osal.obj (.text:osal_start_system)
                  0000db58    00000038                                              : osal_timers.obj (.text:osal_stop_timerEx)
                  0000db90    00000038     rom_sysbios.aem3 : rom_sysbios.obj (.text:ti_sysbios_family_arm_cc26xx_Timer_getCurrentTick__E)
                  0000dbc8    00000036     icall.obj (.text:ICall_setTimerMSecs)
                  0000dbfe    00000036     RFCC26XX_singleMode.obj (.text:ratSuspendChannels)
                  0000dc34    00000034     hiddev.obj (.text:HidDev_reportReadyClockCB)
                  0000dc68    00000034     hidemukbd.obj (.text:HidEmuKbd_sendMouseReport)
                  0000dc9c    00000034     icall.obj (.text:ICall_primRepostSync)
                  0000dcd0    00000034     icall.obj (.text:ICall_searchService)
                  0000dd04    00000034     drivers_cc26x0r2.aem3 : PINCC26XX.oem3 (.text:PIN_setConfig)
                  0000dd38    00000034                           : PowerCC26XX.oem3 (.text:Power_releaseConstraint)
                  0000dd6c    00000034     cc2640_ll_pxxx_ext_scan_ext_adv.a : ll_scheduler.o (.text)
                  0000dda0    00000034     hid_emu_kbd_cc2640r2lp_stack_library.lib : osal_timers.obj (.text:osal_get_timeoutEx)
                  0000ddd4    00000034                                              : icall_startup.obj (.text:startup_entry)
                  0000de08    00000034     rom_sysbios.aem3 : rom_sysbios.obj (.text:ti_sysbios_family_arm_cc26xx_Timer_initDevice__I)
                  0000de3c    00000032                      : rom_sysbios.obj (.text:ti_sysbios_family_arm_cc26xx_Timer_setNextTick__E)
                  0000de6e    00000002     app_ble_pem3.oem3 (.text:ti_sysbios_rom_cortexm_cc26xx_r2_CC26xx_badRomRevision__E)
                  0000de70    00000030     battservice.obj (.text:Batt_MeasLevel)
                  0000dea0    00000030     hid_emu_kbd_cc2640r2lp_stack_library.lib : gapbondmgr.obj (.text:GAPBondMgr_PasscodeRsp)
                  0000ded0    00000030     drivers_cc26x0r2.aem3 : PowerCC26XX.oem3 (.text:Power_setConstraint)
                  0000df00    00000030     RFCC26XX_singleMode.obj (.text:RF_getRssi)
                  0000df30    00000030     TRNGCC26XX.obj (.text:TRNGCC26XX_init)
                  0000df60    00000030     cc26xx_gap_pxxx.a : gap_configmgr.o (.text)
                  0000df90    00000030     cc26xx_profiles_pxxx.a : gattservapp.o (.text)
                  0000dfc0    00000030     app_ble_pem3.oem3 (.text:ti_sysbios_BIOS_atExitFunc__I)
                  0000dff0    00000030     app_ble_pem3.oem3 (.text:ti_sysbios_BIOS_startFunc__I)
                  0000e020    00000030     app_ble_pem3.oem3 (.text:ti_sysbios_heaps_HeapCallback_Object__create__S)
                  0000e050    0000002e     hiddev.obj (.text:HidDev_pairStateCB)
                  0000e07e    0000002e     icall.obj (.text:ICall_dispatch)
                  0000e0ac    0000002e     cc26xx_profiles_pxxx.a : gattservapp.o (.text)
                  0000e0da    0000002e     drivers_cc26x0r2.aem3 : CryptoCC26XX.oem3 (.text:cryptoTransactionPend)
                  0000e108    0000002e     hid_emu_kbd_cc2640r2lp_stack_library.lib : osal.obj (.text:osal_build_uint32)
                  0000e136    0000002e     RFCC26XX_singleMode.obj (.text:ratConfigureChannel)
                  0000e164    0000002c     driverlib.lib : chipinfo.obj (.text:NOROM_ChipInfo_GetChipFamily)
                  0000e190    0000002c     dpl_cc26x0r2.aem3 : SemaphoreP_tirtos.oem3 (.text:SemaphoreP_constructBinary)
                  0000e1bc    0000002c     hid_emu_kbd_cc2640r2lp_stack_library.lib : ble_dispatch_lite.obj (.text:bleDispatch_BMAlloc)
                  0000e1e8    0000002c     cc26xx_profiles_pxxx.a : gattservapp.o (.text)
                  0000e214    0000002c     cc26xx_sm_pxxx.a : sm_pairing.o (.text)
                  0000e240    0000002c     hid_emu_kbd_cc2640r2lp_stack_library.lib : gapbondmgr.obj (.text:gapBondMgrFindAddr)
                  0000e26c    0000002c                                              : gapbondmgr.obj (.text:gapBondMgr_SyncWhiteList)
                  0000e298    0000002c     RFCC26XX_singleMode.obj (.text:ratGetChannel)
                  0000e2c4    0000002c     RFCC26XX_singleMode.obj (.text:ratReleaseChannels)
                  0000e2f0    0000002c     rom_sysbios.aem3 : rom_sysbios.obj (.text:ti_sysbios_knl_Clock_getTicksUntilInterrupt__E)
                  0000e31c    0000002a                      : rom_sysbios.obj (.text:ti_sysbios_knl_Clock_getTimeout__E)
                  0000e346    00000002                      : rom_sysbios.obj (.text:xdc_runtime_SysCallback_defaultAbort)
                  0000e348    00000028     devinfoservice.obj (.text:DevInfo_AddService)
                  0000e370    00000028     peripheral.obj (.text:GAPRole_StartDevice)
                  0000e398    00000028     driverlib.lib : chipinfo.obj (.text:NOROM_ChipInfo_GetChipType)
                  0000e3c0    00000028     drivers_cc26x0r2.aem3 : PowerCC26XX.oem3 (.text:Power_registerNotify)
                  0000e3e8    00000028     driverlib.lib : adi.obj (.text:SafeHapiVoid)
                  0000e410    00000028     TRNGCC26XX.obj (.text:TRNGCC26XX_open)
                  0000e438    00000028     util.obj (.text:Util_dequeueMsg)
                  0000e460    00000028     hid_emu_kbd_cc2640r2lp_stack_library.lib : ble_dispatch_lite.obj (.text:ble_dispatch_liteProcess)
                  0000e488    00000028                                              : gapbondmgr.obj (.text:gapBondMgrBondTotal)
                  0000e4b0    00000028     RFCC26XX_singleMode.obj (.text:hwiFxnCpe0PowerFsm)
                  0000e4d8    00000028     icall.obj (.text:matchLiteCS)
                  0000e500    00000028     hid_emu_kbd_cc2640r2lp_stack_library.lib : osal_bufmgr.obj (.text:osal_bm_adjust_header)
                  0000e528    00000028                                              : osal_timers.obj (.text:osal_next_timeout)
                  0000e550    00000026                                              : gapbondmgr.obj (.text:gapBondMgrGetStateFlags)
                  0000e576    00000002     rom_sysbios.aem3 : rom_sysbios.obj (.text:xdc_runtime_SysCallback_defaultExit)
                  0000e578    00000024     drivers_cc26x0r2.aem3 : CryptoCC26XX.oem3 (.text:CryptoCC26XX_hwiIntFxn)
                  0000e59c    00000024     hiddev.obj (.text:HidDev_RegisterReports)
                  0000e5c0    00000024     driverlib.lib : osc.obj (.text:NOROM_OSCHF_TurnOnXosc)
                  0000e5e4    00000024                   : rfc.obj (.text:NOROM_RFCDoorbellSendTo)
                  0000e608    00000024     RFCC26XX_singleMode.obj (.text:Q_pop)
                  0000e62c    00000024     hid_emu_kbd_cc2640r2lp_stack_library.lib : osal_bufmgr.obj (.text:bm_desc_from_payload)
                  0000e650    00000024     cc26xx_profiles_pxxx.a : gapgattserver.o (.text)
                  0000e674    00000024     hid_emu_kbd_cc2640r2lp_stack_library.lib : osal.obj (.text:osal_msg_allocate)
                  0000e698    00000024                                              : osal.obj (.text:osal_msg_push)
                  0000e6bc    00000024                                              : osal.obj (.text:osal_proxy2alien)
                  0000e6e0    00000024                                              : osal.obj (.text:osal_service_entry)
                  0000e704    00000024                                              : osal_snv_wrapper.obj (.text:osal_snv_read)
                  0000e728    00000024     RFCC26XX_singleMode.obj (.text:rfSetConstraint)
                  0000e74c    00000024     rtsv7M3_T_le_eabi.lib : memcmp.obj (.text)
                  0000e770    00000024     app_ble_pem3.oem3 (.text:ti_sysbios_BIOS_registerRTSLock__I)
                  0000e794    00000024     app_ble_pem3.oem3 (.text:ti_sysbios_BIOS_removeRTSLock__I)
                  0000e7b8    00000024     rom_sysbios.aem3 : rom_sysbios.obj (.text:ti_sysbios_family_arm_cc26xx_Timer_getMaxTicks__E)
                  0000e7dc    00000022     gattservapp_util.obj (.text:GATTServApp_ReadCharCfg)
                  0000e7fe    00000022     drivers_cc26x0r2.aem3 : List.oem3 (.text:List_put)
                  0000e820    00000022     RFCC26XX_singleMode.obj (.text:RF_getCmdOp)
                  0000e842    00000022     cc26xx_profiles_pxxx.a : gattservapp.o (.text)
                  0000e864    00000020     board_key.obj (.text:Board_keyChangeHandler)
                  0000e884    00000020     hiddev.obj (.text:HidDev_StartDevice)
                  0000e8a4    00000020     hiddev.obj (.text:HidDev_StartIdleTimer)
                  0000e8c4    00000020     hiddev.obj (.text:HidDev_StopIdleTimer)
                  0000e8e4    00000020     hiddev.obj (.text:HidDev_battPeriodicTask)
                  0000e904    00000020     hiddev.obj (.text:HidDev_bondCount)
                  0000e924    00000020     icall_cc2650.obj (.text:ICallPlatform_pwrDispense)
                  0000e944    00000020     icall_cc2650.obj (.text:ICallPlatform_pwrRequire)
                  0000e964    00000020     driverlib.lib : rfc.obj (.text:NOROM_RFCRfTrimRead)
                  0000e984    00000020     dpl_cc26x0r2.aem3 : PowerCC26XX_tirtos.oem3 (.text:PowerCC26XX_schedulerDisable)
                  0000e9a4    00000020                       : PowerCC26XX_tirtos.oem3 (.text:PowerCC26XX_schedulerRestore)
                  0000e9c4    00000020     RFCC26XX_singleMode.obj (.text:RF_flushCmd)
                  0000e9e4    00000020     cc2640_ll_pxxx_ext_scan_ext_adv.a : ll_isr.o (.text)
                  0000ea04    00000020     cc26xx_profiles_pxxx.a : gattservapp.o (.text)
                  0000ea24    00000020     hid_emu_kbd_cc2640r2lp_stack_library.lib : hal_assert.obj (.text:halAssertHandlerExt)
                  0000ea44    00000020     TRNGCC26XX.obj (.text:openTRNG)
                  0000ea64    00000020     hid_emu_kbd_cc2640r2lp_stack_library.lib : osal_timers.obj (.text:osalFindTimer)
                  0000ea84    00000020                                              : osal.obj (.text:osal_memcmp)
                  0000eaa4    00000020                                              : osal.obj (.text:osal_msg_deallocate)
                  0000eac4    00000020                                              : osal.obj (.text:osal_msg_send)
                  0000eae4    00000020     RFCC26XX_singleMode.obj (.text:swiFxnFsm)
                  0000eb04    00000020     app_ble_pem3.oem3 (.text:ti_sysbios_BIOS_rtsLock__I)
                  0000eb24    00000020     rom_sysbios.aem3 : rom_sysbios.obj (.text:ti_sysbios_family_arm_cc26xx_Timer_dynamicStub__E)
                  0000eb44    0000001e     hidemukbd.obj (.text:HidEmuKbd_processAppMsg)
                  0000eb62    0000001e     icall.obj (.text:ICall_abort)
                  0000eb80    0000001e     drivers_cc26x0r2.aem3 : PowerCC26XX.oem3 (.text:Power_getTransitionLatency)
                  0000eb9e    0000001e     hid_emu_kbd_cc2640r2lp_stack_library.lib : gapbondmgr.obj (.text:gapBondMgrInvertCharCfgItem)
                  0000ebbc    0000001e                                              : gapbondmgr.obj (.text:gapBondSetupPrivFlag)
                  0000ebda    0000001e                                              : osal_snv_wrapper.obj (.text:osal_snv_write)
                  0000ebf8    0000001c                                              : gapbondmgr.obj (.text:GAPBondMgr_Register)
                  0000ec14    0000001c                                              : gapbondmgr.obj (.text:GAPBondMgr_SupportsEnhancedPriv)
                  0000ec30    0000001c     hidemukbd.obj (.text:HidEmuKbd_receiveReport)
                  0000ec4c    0000001c     driverlib.lib : flash.obj (.text:NOROM_FlashProgram)
                  0000ec68    0000001c                   : flash.obj (.text:NOROM_FlashSectorErase)
                  0000ec84    0000001c     drivers_cc26x0r2.aem3 : PINCC26XX.oem3 (.text:PINCC26XX_setIoCfgMux)
                  0000eca0    0000001c                           : PINCC26XX.oem3 (.text:PIN_hwi)
                  0000ecbc    0000001c     RFCC26XX_singleMode.obj (.text:RF_cancelCmd)
                  0000ecd8    0000001c     util.obj (.text:Util_isActive)
                  0000ecf4    0000001c     ble_user_config.obj (.text:driverTable_fnSpinlock)
                  0000ed10    0000001c     hid_emu_kbd_cc2640r2lp_stack_library.lib : osal_snv_wrapper.obj (.text:enableCache)
                  0000ed2c    0000001c                                              : gapbondmgr.obj (.text:gapBondFreeAuthEvt)
                  0000ed48    0000001c                                              : osal_timers.obj (.text:osalTimerInit)
                  0000ed64    0000001c                                              : osal_cbtimer.obj (.text:osal_CbTimerInit)
                  0000ed80    0000001c                                              : osal.obj (.text:osal_memdup)
                  0000ed9c    0000001c                                              : osal.obj (.text:osal_revmemcpy)
                  0000edb8    0000001c     scanparamservice.obj (.text:scanParamReadAttrCB)
                  0000edd4    0000001c     rom_sysbios.aem3 : rom_sysbios.obj (.text:ti_sysbios_knl_Swi_construct2__E)
                  0000edf0    0000001a     hid_emu_kbd_cc2640r2lp_stack_library.lib : hal_flash_wrapper.obj (.text:HalFlashGetAddress)
                  0000ee0a    0000001a     hiddev.obj (.text:HidDev_processStackMsg)
                  0000ee24    0000001a     icall.obj (.text:ICall_leaveCSImpl)
                  0000ee3e    0000001a     icall.obj (.text:ICall_pwrUpdActivityCounter)
                  0000ee58    0000001a     hid_emu_kbd_cc2640r2lp_stack_library.lib : osal.obj (.text:osal_isbufset)
                  0000ee72    0000001a                                              : osal.obj (.text:osal_service_complete)
                  0000ee8c    0000001a                                              : osal_snv_wrapper.obj (.text:osal_snv_compact)
                  0000eea6    00000002     --HOLE-- [fill = 0]
                  0000eea8    00000018     icall.obj (.text:ICall_taskEntry)
                  0000eec0    00000018     driverlib.lib : chipinfo.obj (.text:NOROM_ChipInfo_GetPackageType)
                  0000eed8    00000018                   : rfc.obj (.text:NOROM_RFCCpeIntGetAndClear)
                  0000eef0    00000018                   : rfc.obj (.text:NOROM_RFCHWIntGetAndClear)
                  0000ef08    00000018     drivers_cc26x0r2.aem3 : PowerCC26XX.oem3 (.text:Power_idleFunc)
                  0000ef20    00000018     RFCC26XX_singleMode.obj (.text:RF_Params_init)
                  0000ef38    00000018     hid_emu_kbd_cc2640r2lp_stack_library.lib : ble_dispatch_lite.obj (.text:bleDispatch_BMFree)
[...]
20001f90  PowerCC26XX_taskKey                                                       
20001f94  PowerCC26XX_swiKey                                                        
20001fbc  ClockP_tickPeriod                                                         
20001fc0  HEAPMGR_SIZE                                                              
20001fc4  hKeyPins                                                                  
20001fc8  tasksEvents                                                               
20001fcc  trngCC26XXObjects                                                         
20001fd0  hciGapTaskID                                                              
20001fd1  hciSmpTaskID                                                              
20001fd2  hciTestTaskID                                                             
20001fd3  scanReqRpt                                                                
20001fd4  driverlib_release_0_49664                                                 
20001fd5  g_hwiInt                                                                  
20001fd6  icall_liteTaskId                                                          
20001fd7  osal_entity                                                               
20001fd8  selfEntity                                                                
20001fd9  heapStart                                                                 
20004000  __stack                                                                   
20004000  heapEnd                                                                   
20004400  __STACK_END                                                               
20004400  __STACK_TOP                                                               
200044f8  RAM_BASE_ADDR                                                             
20004504  ROM_FlashJT                                                               
20004508  gapParameters                                                             
20004558  gapPeripheralCBs                                                          
20004564  gapPeripheralConnCBs                                                      
20004568  rfMode                                                                    
20004584  smResponderCBs                                                            
2000459c  slaveConnHandle                                                           
2000459e  nextHandle                                                                
200045a0  l2capMtuSize                                                              
200045a2  gapAppTaskID                                                              
200045a3  gapAdvAppTaskID                                                           
200045a4  gapUnwantedTaskID                                                         
200045a5  reqTaskId                                                                 
200045a6  gattAppTaskID                                                             
200045a7  appTaskID                                                                 
200045a8  flowCtrlTaskId                                                            
200045a9  SM_appTaskID                                                              
200045ac  resolvingList                                                             
200046ec  scanDataEntry                                                             
200047cc  wlTable                                                                   
200048a8  wlTableScan                                                               
20004988  rfObject                                                                  
20004a20  advCmd                                                                    
20004a68  localEccKeys                                                              
20004aac  initDataEntry                                                             
20004ae4  advDataEntry                                                              
20004b1c  l2capFixedChannels                                                        
20004b4c  linkCBs                                                                   
20004b7c  eccParams                                                                 
20004bac  initParam                                                                 
20004bd0  scanParam                                                                 
20004bf4  advParam                                                                  
20004c14  cryptoPRAND                                                               
20004c34  txModemTestCmd                                                            
20004c50  gapParams                                                                 
20004c6c  initCmd                                                                   
20004c84  connReqData                                                               
20004c9c  scanCmd                                                                   
20004cb4  scanOutput                                                                
20004ccc  trxTestCmd                                                                
20004ce4  rxModemTestCmd                                                            
20004cfc  rsp                                                                       
20004d14  fwParDtmCmd                                                               
20004d2c  rfSetup                                                                   
20004d44  fwParRfCmd                                                                
20004d5c  connOutput                                                                
20004d70  rxTestParam                                                               
20004d84  initDataQueue                                                             
20004d94  scanDataQueue                                                             
20004da4  advDataQueue                                                              
20004db4  advOutput                                                                 
20004dc4  txTestParam                                                               
20004dd4  initOutput                                                                
20004de0  rxTestOut                                                                 
20004dec  deviceFeatureSet                                                          
20004df8  cachedTRNGdata                                                            
20004e04  gapCurrentRandomAddr                                                      
20004e0c  slaveUpdateReq                                                            
20004e14  pBleEvtMask                                                               
20004e1c  pHciEvtMask                                                               
20004e24  pHciEvtMask2                                                              
20004e2c  ownPublicAddr                                                             
20004e34  ownRandomAddr                                                             
20004e3c  ownSavedPublicAddr                                                        
20004e44  fwImmedCmd                                                                
20004e4c  attServerNotifyTxCB                                                       
20004e50  rfEvent                                                                   
20004e58  fwParCmd                                                                  
20004e60  verInfo                                                                   
20004e68  llConns                                                                   
20004e70  fwParamImmedCmd                                                           
20004e78  privInfo                                                                  
20004e80  linkCmd                                                                   
20004e84  linkParam                                                                 
20004e88  rxDataQ                                                                   
20004e8c  txDataQ                                                                   
20004e90  rxRingBuf                                                                 
20004e94  txTestOut                                                                 
20004e98  pGapDiscReq                                                               
20004e9c  pGapAdvertState                                                           
20004ea0  pEstLink                                                                  
20004ea4  pAuthLink                                                                 
20004ea8  pfnCentralConnCBs                                                         
20004eac  pfnPeripheralConnCBs                                                      
20004eb0  pGapAdvTokens                                                             
20004eb4  pGapAdData                                                                
20004eb8  pGapScanRspData                                                           
20004ebc  pfnPeripheralCBs                                                          
20004ec0  pfnCentralCBs                                                             
20004ec4  pfnBondMgrCBs                                                             
20004ec8  serverInfoTbl                                                             
20004ecc  pServiceList                                                              
20004ed0  pfnServerProcessMsgCB                                                     
20004ed4  pfnClientProcessMsgCB                                                     
20004ed8  prepareWritesTbl                                                          
20004edc  serviceCBsList                                                            
20004ee0  pAttrValue                                                                
20004ee4  l2capChannels                                                             
20004ee8  linkDB                                                                    
20004eec  rfHandle                                                                  
20004ef0  rfDrvTblPtr                                                               
20004ef4  eccDrvTblPtr                                                              
20004ef8  cryptoDrvTblPtr                                                           
20004efc  trngDrvTblPtr                                                             
20004f00  activeConns                                                               
20004f04  SysBootMsg                                                                
20004f08  sclkSrc                                                                   
20004f0c  buildInfo                                                                 
20004f10  advInfo                                                                   
20004f14  scanInfo                                                                  
20004f18  initInfo                                                                  
20004f1c  dtmInfo                                                                   
20004f20  taskEndAction                                                             
20004f24  encParams                                                                 
20004f28  encHandle                                                                 
20004f2c  encKey                                                                    
20004f30  pPairingParams                                                            
20004f34  pfnResponderCBs                                                           
20004f38  pfnInitiatorCBs                                                           
20004f3c  gapLimitedAdvertisingTimeout                                              
20004f3e  attrLen                                                                   
20004f40  numHostBufs                                                               
20004f42  rfCmdHandle                                                               
20004f44  connInitialMaxTxOctets                                                    
20004f46  connInitialMaxTxTime                                                      
20004f48  supportedMaxTxOctets                                                      
20004f4a  supportedMaxTxTime                                                        
20004f4c  supportedMaxRxOctets                                                      
20004f4e  supportedMaxRxTime                                                        
20004f50  taskEndStatus                                                             
20004f52  postRfOperations                                                          
20004f54  rfCfgAdiVal                                                               
20004f58  gapProfileRole                                                            
20004f59  gapDeviceAddrMode                                                         
20004f5a  gapState                                                                  
20004f5b  terminateAllTaskID                                                        
20004f5c  terminateReason                                                           
20004f5d  gapTaskID                                                                 
20004f5e  gattNumConns                                                              
20004f5f  gattTaskID                                                                
20004f60  GATTServApp_TaskID                                                        
20004f61  maxNumPrepareWrites                                                       
20004f62  hciPTMenabled                                                             
20004f63  ctrlToHostEnable                                                          
20004f64  l2capFlowCtrlMode                                                         
20004f65  l2capTaskID                                                               
20004f66  l2capNumChannels                                                          
20004f67  l2capNumDataPkts                                                          
20004f68  l2capId                                                                   
20004f69  linkDBNumConns                                                            
20004f6a  linkDB_secureConnectionOnlyMode                                           
20004f6b  maxPduSize                                                                
20004f6c  rfFeModeBias                                                              
20004f6d  maxNumTxDataBufs                                                          
20004f6e  LL_TaskID                                                                 
20004f6f  llState                                                                   
20004f70  rssiCorrection                                                            
20004f71  curTxPowerVal                                                             
20004f72  maxTxPwrForDTM                                                            
20004f73  onePktPerEvt                                                              
20004f74  numComplPkts                                                              
20004f75  numComplPktsLimit                                                         
20004f76  numComplPktsFlush                                                         
20004f77  fastTxRespTime                                                            
20004f78  slOverride                                                                
20004f79  rxFifoFlowCtrl                                                            
20004f7a  numTxDataBufs                                                             
20004f7b  maxNumConns                                                               
20004f7c  smTaskID                                                                  
20004f7d  SM_appExpectingKey                                                        
20004f80  ECC_DATA$$Base                                                            
20004f80  eccRom_param_Gx                                                           
20004f84  eccRom_param_Gy                                                           
20004f88  eccRom_workzone                                                           
20004f8c  eccRom_param_p                                                            
20004f90  eccRom_param_r                                                            
20004f94  eccRom_param_a                                                            
20004f98  eccRom_param_b                                                            
20004f9c  eccRom_windowSize                                                         
20004fa0  aux64                                                                     
20004fa8  MOD                                                                       
20004fac  LEN                                                                       
20004fb0  inScalar                                                                  
20004fb4  inPointX                                                                  
20004fb8  inPointY                                                                  
20004fbc  outPointX                                                                 
20004fc0  outPointY                                                                 
20004fc4  SCAL                                                                      
20004fc8  EXPX                                                                      
20004fcc  EXPY                                                                      
20004fd0  EXPZ                                                                      
20004fd4  EXPW                                                                      
20004fd8  ACCX                                                                      
20004fdc  ACCY                                                                      
20004fe0  ACCZ                                                                      
20004fe4  TMP1                                                                      
20004fe8  TMP2                                                                      
20004fec  TMP3                                                                      
20004ff0  TMP4                                                                      
20004ff4  TMP5                                                                      
20004ff8  TMP6                                                                      
20004ffc  MSBMOD                                                                    
20005000  ECC_DATA$$Limit                                                           
20005000  __UNUSED_SRAM_end__                                                       
e000e000  ti_sysbios_family_arm_m3_Hwi_nvic                                         
ffffffff  __TI_pprof_out_hndl                                                       
ffffffff  __TI_prof_data_size                                                       
ffffffff  __TI_prof_data_start                                                      
ffffffff  __binit__                                                                 
ffffffff  __c_args__                                                                
ffffffff  binit                                                                     
UNDEFED   SHT$$INIT_ARRAY$$Base                                                     
UNDEFED   SHT$$INIT_ARRAY$$Limit                                                    

[2254 symbols]
